0 verbose cli C:\Program Files\nodejs\node.exe C:\Program Files\nodejs\node_modules\npm\bin\npm-cli.js
1 info using npm@10.9.7
2 info using node@v22.22.2
3 silly config load:file:C:\Program Files\nodejs\node_modules\npm\npmrc
4 silly config load:file:D:\CodeProject\NCKH\frontend\.npmrc
5 silly config load:file:C:\Users\admin\.npmrc
6 silly config load:file:C:\Users\admin\AppData\Roaming\npm\etc\npmrc
7 verbose title npm install
8 verbose argv "install" "--cache" ".\\.npm-cache"
9 verbose logfile logs-max:10 dir:D:\CodeProject\NCKH\frontend\.npm-cache\_logs\2026-09-07T07_41_39_266Z-
10 verbose logfile D:\CodeProject\NCKH\frontend\.npm-cache\_logs\2026-09-07T07_41_39_266Z-debug-0.log
11 silly logfile done cleaning log files
12 silly packumentCache heap:4345298944 maxSize:1086324736 maxEntrySize:543162368
13 silly idealTree buildDeps
14 http fetch GET https://registry.npmjs.org/npm attempt 1 failed with EACCES
15 verbose shrinkwrap failed to load node_modules/.package-lock.json out of date, updated: node_modules
16 silly reify mark retired [ 'D:\\CodeProject\\NCKH\\frontend\\node_modules\\acorn' ]
17 silly reify mark retired [ 'D:\\CodeProject\\NCKH\\frontend\\node_modules\\acorn-jsx' ]
18 silly reify mark retired [ 'D:\\CodeProject\\NCKH\\frontend\\node_modules\\ajv' ]
19 silly reify mark retired [ 'D:\\CodeProject\\NCKH\\frontend\\node_modules\\argparse' ]
20 silly reify mark retired [ 'D:\\CodeProject\\NCKH\\frontend\\node_modules\\balanced-match' ]
21 silly reify mark retired [ 'D:\\CodeProject\\NCKH\\frontend\\node_modules\\brace-expansion' ]
22 silly reify mark retired [ 'D:\\CodeProject\\NCKH\\frontend\\node_modules\\callsites' ]
23 silly reify mark retired [ 'D:\\CodeProject\\NCKH\\frontend\\node_modules\\chalk' ]
24 silly reify mark retired [ 'D:\\CodeProject\\NCKH\\frontend\\node_modules\\concat-map' ]
25 silly reify mark retired [ 'D:\\CodeProject\\NCKH\\frontend\\node_modules\\cookie' ]
26 silly reify mark retired [ 'D:\\CodeProject\\NCKH\\frontend\\node_modules\\cross-spawn' ]
27 silly reify mark retired [ 'D:\\CodeProject\\NCKH\\frontend\\node_modules\\deep-is' ]
28 silly reify mark retired [ 'D:\\CodeProject\\NCKH\\frontend\\node_modules\\detect-libc' ]
29 silly reify mark retired [
29 silly reify   'D:\\CodeProject\\NCKH\\frontend\\node_modules\\escape-string-regexp'
29 silly reify ]
30 silly reify mark retired [ 'D:\\CodeProject\\NCKH\\frontend\\node_modules\\eslint' ]
31 silly reify mark retired [
31 silly reify   'D:\\CodeProject\\NCKH\\frontend\\node_modules\\eslint-plugin-react-hooks'
31 silly reify ]
32 silly reify mark retired [
32 silly reify   'D:\\CodeProject\\NCKH\\frontend\\node_modules\\eslint-visitor-keys'
32 silly reify ]
33 silly reify mark retired [ 'D:\\CodeProject\\NCKH\\frontend\\node_modules\\espree' ]
34 silly reify mark retired [ 'D:\\CodeProject\\NCKH\\frontend\\node_modules\\esquery' ]
35 silly reify mark retired [ 'D:\\CodeProject\\NCKH\\frontend\\node_modules\\eslint-scope' ]
36 silly reify mark retired [ 'D:\\CodeProject\\NCKH\\frontend\\node_modules\\esrecurse' ]
37 silly reify mark retired [ 'D:\\CodeProject\\NCKH\\frontend\\node_modules\\estraverse' ]
38 silly reify mark retired [ 'D:\\CodeProject\\NCKH\\frontend\\node_modules\\esutils' ]
39 silly reify mark retired [
39 silly reify   'D:\\CodeProject\\NCKH\\frontend\\node_modules\\fast-json-stable-stringify'
39 silly reify ]
40 silly reify mark retired [ 'D:\\CodeProject\\NCKH\\frontend\\node_modules\\fast-deep-equal' ]
41 silly reify mark retired [ 'D:\\CodeProject\\NCKH\\frontend\\node_modules\\fast-levenshtein' ]
42 silly reify mark retired [ 'D:\\CodeProject\\NCKH\\frontend\\node_modules\\file-entry-cache' ]
43 silly reify mark retired [ 'D:\\CodeProject\\NCKH\\frontend\\node_modules\\fdir' ]
44 silly reify mark retired [ 'D:\\CodeProject\\NCKH\\frontend\\node_modules\\find-up' ]
45 silly reify mark retired [ 'D:\\CodeProject\\NCKH\\frontend\\node_modules\\flat-cache' ]
46 silly reify mark retired [ 'D:\\CodeProject\\NCKH\\frontend\\node_modules\\flatted' ]
47 silly reify mark retired [ 'D:\\CodeProject\\NCKH\\frontend\\node_modules\\fsevents' ]
48 silly reify mark retired [ 'D:\\CodeProject\\NCKH\\frontend\\node_modules\\glob-parent' ]
49 silly reify mark retired [ 'D:\\CodeProject\\NCKH\\frontend\\node_modules\\globals' ]
50 silly reify mark retired [ 'D:\\CodeProject\\NCKH\\frontend\\node_modules\\has-flag' ]
51 silly reify mark retired [ 'D:\\CodeProject\\NCKH\\frontend\\node_modules\\ignore' ]
52 silly reify mark retired [ 'D:\\CodeProject\\NCKH\\frontend\\node_modules\\import-fresh' ]
53 silly reify mark retired [ 'D:\\CodeProject\\NCKH\\frontend\\node_modules\\imurmurhash' ]
54 silly reify mark retired [ 'D:\\CodeProject\\NCKH\\frontend\\node_modules\\is-extglob' ]
55 silly reify mark retired [ 'D:\\CodeProject\\NCKH\\frontend\\node_modules\\is-glob' ]
56 silly reify mark retired [ 'D:\\CodeProject\\NCKH\\frontend\\node_modules\\isexe' ]
57 silly reify mark retired [ 'D:\\CodeProject\\NCKH\\frontend\\node_modules\\js-yaml' ]
58 silly reify mark retired [ 'D:\\CodeProject\\NCKH\\frontend\\node_modules\\json-buffer' ]
59 silly reify mark retired [
59 silly reify   'D:\\CodeProject\\NCKH\\frontend\\node_modules\\json-schema-traverse'
59 silly reify ]
60 silly reify mark retired [
60 silly reify   'D:\\CodeProject\\NCKH\\frontend\\node_modules\\json-stable-stringify-without-jsonify'
60 silly reify ]
61 silly reify mark retired [ 'D:\\CodeProject\\NCKH\\frontend\\node_modules\\keyv' ]
62 silly reify mark retired [ 'D:\\CodeProject\\NCKH\\frontend\\node_modules\\levn' ]
63 silly reify mark retired [ 'D:\\CodeProject\\NCKH\\frontend\\node_modules\\lightningcss' ]
64 silly reify mark retired [
64 silly reify   'D:\\CodeProject\\NCKH\\frontend\\node_modules\\lightningcss-android-arm64'
64 silly reify ]
65 silly reify mark retired [
65 silly reify   'D:\\CodeProject\\NCKH\\frontend\\node_modules\\lightningcss-darwin-arm64'
65 silly reify ]
66 silly reify mark retired [
66 silly reify   'D:\\CodeProject\\NCKH\\frontend\\node_modules\\lightningcss-darwin-x64'
66 silly reify ]
67 silly reify mark retired [
67 silly reify   'D:\\CodeProject\\NCKH\\frontend\\node_modules\\lightningcss-freebsd-x64'
67 silly reify ]
68 silly reify mark retired [
68 silly reify   'D:\\CodeProject\\NCKH\\frontend\\node_modules\\lightningcss-linux-arm-gnueabihf'
68 silly reify ]
69 silly reify mark retired [
69 silly reify   'D:\\CodeProject\\NCKH\\frontend\\node_modules\\lightningcss-linux-arm64-gnu'
69 silly reify ]
70 silly reify mark retired [
70 silly reify   'D:\\CodeProject\\NCKH\\frontend\\node_modules\\lightningcss-linux-arm64-musl'
70 silly reify ]
71 silly reify mark retired [
71 silly reify   'D:\\CodeProject\\NCKH\\frontend\\node_modules\\lightningcss-linux-x64-gnu'
71 silly reify ]
72 silly reify mark retired [
72 silly reify   'D:\\CodeProject\\NCKH\\frontend\\node_modules\\lightningcss-linux-x64-musl'
72 silly reify ]
73 silly reify mark retired [
73 silly reify   'D:\\CodeProject\\NCKH\\frontend\\node_modules\\lightningcss-win32-arm64-msvc'
73 silly reify ]
74 silly reify mark retired [
74 silly reify   'D:\\CodeProject\\NCKH\\frontend\\node_modules\\lightningcss-win32-x64-msvc'
74 silly reify ]
75 silly reify mark retired [ 'D:\\CodeProject\\NCKH\\frontend\\node_modules\\locate-path' ]
76 silly reify mark retired [ 'D:\\CodeProject\\NCKH\\frontend\\node_modules\\lodash.merge' ]
77 silly reify mark retired [ 'D:\\CodeProject\\NCKH\\frontend\\node_modules\\minimatch' ]
78 silly reify mark retired [ 'D:\\CodeProject\\NCKH\\frontend\\node_modules\\nanoid' ]
79 silly reify mark retired [ 'D:\\CodeProject\\NCKH\\frontend\\node_modules\\natural-compare' ]
80 silly reify mark retired [ 'D:\\CodeProject\\NCKH\\frontend\\node_modules\\optionator' ]
81 silly reify mark retired [ 'D:\\CodeProject\\NCKH\\frontend\\node_modules\\p-limit' ]
82 silly reify mark retired [ 'D:\\CodeProject\\NCKH\\frontend\\node_modules\\p-locate' ]
83 silly reify mark retired [ 'D:\\CodeProject\\NCKH\\frontend\\node_modules\\parent-module' ]
84 silly reify mark retired [ 'D:\\CodeProject\\NCKH\\frontend\\node_modules\\path-exists' ]
85 silly reify mark retired [ 'D:\\CodeProject\\NCKH\\frontend\\node_modules\\path-key' ]
86 silly reify mark retired [ 'D:\\CodeProject\\NCKH\\frontend\\node_modules\\picomatch' ]
87 silly reify mark retired [ 'D:\\CodeProject\\NCKH\\frontend\\node_modules\\postcss' ]
88 silly reify mark retired [ 'D:\\CodeProject\\NCKH\\frontend\\node_modules\\prelude-ls' ]
89 silly reify mark retired [ 'D:\\CodeProject\\NCKH\\frontend\\node_modules\\protobufjs' ]
90 silly reify mark retired [ 'D:\\CodeProject\\NCKH\\frontend\\node_modules\\punycode' ]
91 silly reify mark retired [ 'D:\\CodeProject\\NCKH\\frontend\\node_modules\\react-router' ]
92 silly reify mark retired [ 'D:\\CodeProject\\NCKH\\frontend\\node_modules\\react-router-dom' ]
93 silly reify mark retired [ 'D:\\CodeProject\\NCKH\\frontend\\node_modules\\react-use-measure' ]
94 silly reify mark retired [ 'D:\\CodeProject\\NCKH\\frontend\\node_modules\\resolve-from' ]
95 silly reify mark retired [ 'D:\\CodeProject\\NCKH\\frontend\\node_modules\\rolldown' ]
96 silly reify mark retired [ 'D:\\CodeProject\\NCKH\\frontend\\node_modules\\set-cookie-parser' ]
97 silly reify mark retired [ 'D:\\CodeProject\\NCKH\\frontend\\node_modules\\shebang-regex' ]
98 silly reify mark retired [ 'D:\\CodeProject\\NCKH\\frontend\\node_modules\\shebang-command' ]
99 silly reify mark retired [ 'D:\\CodeProject\\NCKH\\frontend\\node_modules\\supports-color' ]
100 silly reify mark retired [
100 silly reify   'D:\\CodeProject\\NCKH\\frontend\\node_modules\\strip-json-comments'
100 silly reify ]
101 silly reify mark retired [ 'D:\\CodeProject\\NCKH\\frontend\\node_modules\\tinyglobby' ]
102 silly reify mark retired [ 'D:\\CodeProject\\NCKH\\frontend\\node_modules\\type-check' ]
103 silly reify mark retired [ 'D:\\CodeProject\\NCKH\\frontend\\node_modules\\uri-js' ]
104 silly reify mark retired [ 'D:\\CodeProject\\NCKH\\frontend\\node_modules\\vite' ]
105 silly reify mark retired [ 'D:\\CodeProject\\NCKH\\frontend\\node_modules\\which' ]
106 silly reify mark retired [ 'D:\\CodeProject\\NCKH\\frontend\\node_modules\\word-wrap' ]
107 silly reify mark retired [ 'D:\\CodeProject\\NCKH\\frontend\\node_modules\\yocto-queue' ]
108 silly reify mark retired [
108 silly reify   'D:\\CodeProject\\NCKH\\frontend\\node_modules\\@eslint\\config-array'
108 silly reify ]
109 silly reify mark retired [
109 silly reify   'D:\\CodeProject\\NCKH\\frontend\\node_modules\\@eslint\\config-helpers'
109 silly reify ]
110 silly reify mark retired [ 'D:\\CodeProject\\NCKH\\frontend\\node_modules\\@eslint\\core' ]
111 silly reify mark retired [ 'D:\\CodeProject\\NCKH\\frontend\\node_modules\\@eslint\\eslintrc' ]
112 silly reify mark retired [ 'D:\\CodeProject\\NCKH\\frontend\\node_modules\\@eslint\\js' ]
113 silly reify mark retired [
113 silly reify   'D:\\CodeProject\\NCKH\\frontend\\node_modules\\@eslint\\object-schema'
113 silly reify ]
114 silly reify mark retired [
114 silly reify   'D:\\CodeProject\\NCKH\\frontend\\node_modules\\@eslint\\plugin-kit'
114 silly reify ]
115 silly reify mark retired [
115 silly reify   'D:\\CodeProject\\NCKH\\frontend\\node_modules\\@eslint-community\\eslint-utils'
115 silly reify ]
116 silly reify mark retired [
116 silly reify   'D:\\CodeProject\\NCKH\\frontend\\node_modules\\@eslint-community\\regexpp'
116 silly reify ]
117 silly reify mark retired [ 'D:\\CodeProject\\NCKH\\frontend\\node_modules\\@humanfs\\core' ]
118 silly reify mark retired [ 'D:\\CodeProject\\NCKH\\frontend\\node_modules\\@humanfs\\node' ]
119 silly reify mark retired [ 'D:\\CodeProject\\NCKH\\frontend\\node_modules\\@humanfs\\types' ]
120 silly reify mark retired [
120 silly reify   'D:\\CodeProject\\NCKH\\frontend\\node_modules\\@humanwhocodes\\module-importer'
120 silly reify ]
121 silly reify mark retired [
121 silly reify   'D:\\CodeProject\\NCKH\\frontend\\node_modules\\@humanwhocodes\\retry'
121 silly reify ]
122 silly reify mark retired [
122 silly reify   'D:\\CodeProject\\NCKH\\frontend\\node_modules\\@oxc-project\\types'
122 silly reify ]
123 silly reify mark retired [
123 silly reify   'D:\\CodeProject\\NCKH\\frontend\\node_modules\\@react-three\\fiber'
123 silly reify ]
124 silly reify mark retired [
124 silly reify   'D:\\CodeProject\\NCKH\\frontend\\node_modules\\@rolldown\\binding-android-arm-eabi'
124 silly reify ]
125 silly reify mark retired [
125 silly reify   'D:\\CodeProject\\NCKH\\frontend\\node_modules\\@rolldown\\binding-android-arm64'
125 silly reify ]
126 silly reify mark retired [
126 silly reify   'D:\\CodeProject\\NCKH\\frontend\\node_modules\\@rolldown\\binding-darwin-arm64'
126 silly reify ]
127 silly reify mark retired [
127 silly reify   'D:\\CodeProject\\NCKH\\frontend\\node_modules\\@rolldown\\binding-darwin-x64'
127 silly reify ]
128 silly reify mark retired [
128 silly reify   'D:\\CodeProject\\NCKH\\frontend\\node_modules\\@rolldown\\binding-freebsd-x64'
128 silly reify ]
129 silly reify mark retired [
129 silly reify   'D:\\CodeProject\\NCKH\\frontend\\node_modules\\@rolldown\\binding-linux-arm-gnueabihf'
129 silly reify ]
130 silly reify mark retired [
130 silly reify   'D:\\CodeProject\\NCKH\\frontend\\node_modules\\@rolldown\\binding-linux-arm64-gnu'
130 silly reify ]
131 silly reify mark retired [
131 silly reify   'D:\\CodeProject\\NCKH\\frontend\\node_modules\\@rolldown\\binding-linux-arm64-musl'
131 silly reify ]
132 silly reify mark retired [
132 silly reify   'D:\\CodeProject\\NCKH\\frontend\\node_modules\\@rolldown\\binding-linux-ppc64-gnu'
132 silly reify ]
133 silly reify mark retired [
133 silly reify   'D:\\CodeProject\\NCKH\\frontend\\node_modules\\@rolldown\\binding-linux-s390x-gnu'
133 silly reify ]
134 silly reify mark retired [
134 silly reify   'D:\\CodeProject\\NCKH\\frontend\\node_modules\\@rolldown\\binding-linux-x64-gnu'
134 silly reify ]
135 silly reify mark retired [
135 silly reify   'D:\\CodeProject\\NCKH\\frontend\\node_modules\\@rolldown\\binding-linux-x64-musl'
135 silly reify ]
136 silly reify mark retired [
136 silly reify   'D:\\CodeProject\\NCKH\\frontend\\node_modules\\@rolldown\\binding-openharmony-arm64'
136 silly reify ]
137 silly reify mark retired [
137 silly reify   'D:\\CodeProject\\NCKH\\frontend\\node_modules\\@rolldown\\binding-win32-arm64-msvc'
137 silly reify ]
138 silly reify mark retired [
138 silly reify   'D:\\CodeProject\\NCKH\\frontend\\node_modules\\@rolldown\\binding-win32-x64-msvc'
138 silly reify ]
139 silly reify mark retired [
139 silly reify   'D:\\CodeProject\\NCKH\\frontend\\node_modules\\@rolldown\\pluginutils'
139 silly reify ]
140 silly reify mark retired [
140 silly reify   'D:\\CodeProject\\NCKH\\frontend\\node_modules\\@types\\json-schema'
140 silly reify ]
141 silly reify mark retired [
141 silly reify   'D:\\CodeProject\\NCKH\\frontend\\node_modules\\@vitejs\\plugin-react'
141 silly reify ]
142 silly reify moves {
142 silly reify   'D:\\CodeProject\\NCKH\\frontend\\node_modules\\acorn': 'D:\\CodeProject\\NCKH\\frontend\\node_modules\\.acorn-EH5hlxqx',
142 silly reify   'D:\\CodeProject\\NCKH\\frontend\\node_modules\\acorn-jsx': 'D:\\CodeProject\\NCKH\\frontend\\node_modules\\.acorn-jsx-hq0JO2MQ',
142 silly reify   'D:\\CodeProject\\NCKH\\frontend\\node_modules\\ajv': 'D:\\CodeProject\\NCKH\\frontend\\node_modules\\.ajv-FtnSTlW0',
142 silly reify   'D:\\CodeProject\\NCKH\\frontend\\node_modules\\argparse': 'D:\\CodeProject\\NCKH\\frontend\\node_modules\\.argparse-qlLecVgp',
142 silly reify   'D:\\CodeProject\\NCKH\\frontend\\node_modules\\balanced-match': 'D:\\CodeProject\\NCKH\\frontend\\node_modules\\.balanced-match-xYnyeFW5',
142 silly reify   'D:\\CodeProject\\NCKH\\frontend\\node_modules\\brace-expansion': 'D:\\CodeProject\\NCKH\\frontend\\node_modules\\.brace-expansion-D41jyOvN',
142 silly reify   'D:\\CodeProject\\NCKH\\frontend\\node_modules\\callsites': 'D:\\CodeProject\\NCKH\\frontend\\node_modules\\.callsites-lzvZCUg1',
142 silly reify   'D:\\CodeProject\\NCKH\\frontend\\node_modules\\chalk': 'D:\\CodeProject\\NCKH\\frontend\\node_modules\\.chalk-3WOpWD67',
142 silly reify   'D:\\CodeProject\\NCKH\\frontend\\node_modules\\concat-map': 'D:\\CodeProject\\NCKH\\frontend\\node_modules\\.concat-map-W7mzwmZs',
142 silly reify   'D:\\CodeProject\\NCKH\\frontend\\node_modules\\cookie': 'D:\\CodeProject\\NCKH\\frontend\\node_modules\\.cookie-HNL37vRD',
142 silly reify   'D:\\CodeProject\\NCKH\\frontend\\node_modules\\cross-spawn': 'D:\\CodeProject\\NCKH\\frontend\\node_modules\\.cross-spawn-9NEH02rn',
142 silly reify   'D:\\CodeProject\\NCKH\\frontend\\node_modules\\deep-is': 'D:\\CodeProject\\NCKH\\frontend\\node_modules\\.deep-is-i2dt2Q7y',
142 silly reify   'D:\\CodeProject\\NCKH\\frontend\\node_modules\\detect-libc': 'D:\\CodeProject\\NCKH\\frontend\\node_modules\\.detect-libc-7xFTMcAU',
142 silly reify   'D:\\CodeProject\\NCKH\\frontend\\node_modules\\escape-string-regexp': 'D:\\CodeProject\\NCKH\\frontend\\node_modules\\.escape-string-regexp-hKEYGTGg',
142 silly reify   'D:\\CodeProject\\NCKH\\frontend\\node_modules\\eslint': 'D:\\CodeProject\\NCKH\\frontend\\node_modules\\.eslint-Ixh8qK05',
142 silly reify   'D:\\CodeProject\\NCKH\\frontend\\node_modules\\eslint-plugin-react-hooks': 'D:\\CodeProject\\NCKH\\frontend\\node_modules\\.eslint-plugin-react-hooks-7sZJyFOG',
142 silly reify   'D:\\CodeProject\\NCKH\\frontend\\node_modules\\eslint-visitor-keys': 'D:\\CodeProject\\NCKH\\frontend\\node_modules\\.eslint-visitor-keys-sDFFpOyj',
142 silly reify   'D:\\CodeProject\\NCKH\\frontend\\node_modules\\espree': 'D:\\CodeProject\\NCKH\\frontend\\node_modules\\.espree-zTYBW3UE',
142 silly reify   'D:\\CodeProject\\NCKH\\frontend\\node_modules\\esquery': 'D:\\CodeProject\\NCKH\\frontend\\node_modules\\.esquery-Ua7K8emE',
142 silly reify   'D:\\CodeProject\\NCKH\\frontend\\node_modules\\eslint-scope': 'D:\\CodeProject\\NCKH\\frontend\\node_modules\\.eslint-scope-3Em5552P',
142 silly reify   'D:\\CodeProject\\NCKH\\frontend\\node_modules\\esrecurse': 'D:\\CodeProject\\NCKH\\frontend\\node_modules\\.esrecurse-Lrp19WV4',
142 silly reify   'D:\\CodeProject\\NCKH\\frontend\\node_modules\\estraverse': 'D:\\CodeProject\\NCKH\\frontend\\node_modules\\.estraverse-xKMb0zF5',
142 silly reify   'D:\\CodeProject\\NCKH\\frontend\\node_modules\\esutils': 'D:\\CodeProject\\NCKH\\frontend\\node_modules\\.esutils-yV6NKzek',
142 silly reify   'D:\\CodeProject\\NCKH\\frontend\\node_modules\\fast-json-stable-stringify': 'D:\\CodeProject\\NCKH\\frontend\\node_modules\\.fast-json-stable-stringify-F0GqjmBd',
142 silly reify   'D:\\CodeProject\\NCKH\\frontend\\node_modules\\fast-deep-equal': 'D:\\CodeProject\\NCKH\\frontend\\node_modules\\.fast-deep-equal-Xz4cQ0De',
142 silly reify   'D:\\CodeProject\\NCKH\\frontend\\node_modules\\fast-levenshtein': 'D:\\CodeProject\\NCKH\\frontend\\node_modules\\.fast-levenshtein-tpftacRP',
142 silly reify   'D:\\CodeProject\\NCKH\\frontend\\node_modules\\file-entry-cache': 'D:\\CodeProject\\NCKH\\frontend\\node_modules\\.file-entry-cache-XD8AjrNY',
142 silly reify   'D:\\CodeProject\\NCKH\\frontend\\node_modules\\fdir': 'D:\\CodeProject\\NCKH\\frontend\\node_modules\\.fdir-cC8ylhcW',
142 silly reify   'D:\\CodeProject\\NCKH\\frontend\\node_modules\\find-up': 'D:\\CodeProject\\NCKH\\frontend\\node_modules\\.find-up-2VXuH4w7',
142 silly reify   'D:\\CodeProject\\NCKH\\frontend\\node_modules\\flat-cache': 'D:\\CodeProject\\NCKH\\frontend\\node_modules\\.flat-cache-tjQVv3Rk',
142 silly reify   'D:\\CodeProject\\NCKH\\frontend\\node_modules\\flatted': 'D:\\CodeProject\\NCKH\\frontend\\node_modules\\.flatted-K8ToMYeo',
142 silly reify   'D:\\CodeProject\\NCKH\\frontend\\node_modules\\fsevents': 'D:\\CodeProject\\NCKH\\frontend\\node_modules\\.fsevents-gfKCYFte',
142 silly reify   'D:\\CodeProject\\NCKH\\frontend\\node_modules\\glob-parent': 'D:\\CodeProject\\NCKH\\frontend\\node_modules\\.glob-parent-FtPI0YBB',
142 silly reify   'D:\\CodeProject\\NCKH\\frontend\\node_modules\\globals': 'D:\\CodeProject\\NCKH\\frontend\\node_modules\\.globals-RFndfhkf',
142 silly reify   'D:\\CodeProject\\NCKH\\frontend\\node_modules\\has-flag': 'D:\\CodeProject\\NCKH\\frontend\\node_modules\\.has-flag-FqD3izg4',
142 silly reify   'D:\\CodeProject\\NCKH\\frontend\\node_modules\\ignore': 'D:\\CodeProject\\NCKH\\frontend\\node_modules\\.ignore-Gh9llUeH',
142 silly reify   'D:\\CodeProject\\NCKH\\frontend\\node_modules\\import-fresh': 'D:\\CodeProject\\NCKH\\frontend\\node_modules\\.import-fresh-8FAIEcHQ',
142 silly reify   'D:\\CodeProject\\NCKH\\frontend\\node_modules\\imurmurhash': 'D:\\CodeProject\\NCKH\\frontend\\node_modules\\.imurmurhash-UEurOV8g',
142 silly reify   'D:\\CodeProject\\NCKH\\frontend\\node_modules\\is-extglob': 'D:\\CodeProject\\NCKH\\frontend\\node_modules\\.is-extglob-ACLZZFaS',
142 silly reify   'D:\\CodeProject\\NCKH\\frontend\\node_modules\\is-glob': 'D:\\CodeProject\\NCKH\\frontend\\node_modules\\.is-glob-FfSA4tji',
142 silly reify   'D:\\CodeProject\\NCKH\\frontend\\node_modules\\isexe': 'D:\\CodeProject\\NCKH\\frontend\\node_modules\\.isexe-gifzNB6P',
142 silly reify   'D:\\CodeProject\\NCKH\\frontend\\node_modules\\js-yaml': 'D:\\CodeProject\\NCKH\\frontend\\node_modules\\.js-yaml-eZj3lET7',
142 silly reify   'D:\\CodeProject\\NCKH\\frontend\\node_modules\\json-buffer': 'D:\\CodeProject\\NCKH\\frontend\\node_modules\\.json-buffer-2h10dn8c',
142 silly reify   'D:\\CodeProject\\NCKH\\frontend\\node_modules\\json-schema-traverse': 'D:\\CodeProject\\NCKH\\frontend\\node_modules\\.json-schema-traverse-EODdLjo6',
142 silly reify   'D:\\CodeProject\\NCKH\\frontend\\node_modules\\json-stable-stringify-without-jsonify': 'D:\\CodeProject\\NCKH\\frontend\\node_modules\\.json-stable-stringify-without-jsonify-8c99H7zE',
142 silly reify   'D:\\CodeProject\\NCKH\\frontend\\node_modules\\keyv': 'D:\\CodeProject\\NCKH\\frontend\\node_modules\\.keyv-ZjUpHlk0',
142 silly reify   'D:\\CodeProject\\NCKH\\frontend\\node_modules\\levn': 'D:\\CodeProject\\NCKH\\frontend\\node_modules\\.levn-3UzT3ACu',
142 silly reify   'D:\\CodeProject\\NCKH\\frontend\\node_modules\\lightningcss': 'D:\\CodeProject\\NCKH\\frontend\\node_modules\\.lightningcss-m1Pv80F8',
142 silly reify   'D:\\CodeProject\\NCKH\\frontend\\node_modules\\lightningcss-android-arm64': 'D:\\CodeProject\\NCKH\\frontend\\node_modules\\.lightningcss-android-arm64-DKTRt7J1',
142 silly reify   'D:\\CodeProject\\NCKH\\frontend\\node_modules\\lightningcss-darwin-arm64': 'D:\\CodeProject\\NCKH\\frontend\\node_modules\\.lightningcss-darwin-arm64-1F4QcQkD',
142 silly reify   'D:\\CodeProject\\NCKH\\frontend\\node_modules\\lightningcss-darwin-x64': 'D:\\CodeProject\\NCKH\\frontend\\node_modules\\.lightningcss-darwin-x64-O5fakSRf',
142 silly reify   'D:\\CodeProject\\NCKH\\frontend\\node_modules\\lightningcss-freebsd-x64': 'D:\\CodeProject\\NCKH\\frontend\\node_modules\\.lightningcss-freebsd-x64-AirBw7Yn',
142 silly reify   'D:\\CodeProject\\NCKH\\frontend\\node_modules\\lightningcss-linux-arm-gnueabihf': 'D:\\CodeProject\\NCKH\\frontend\\node_modules\\.lightningcss-linux-arm-gnueabihf-aTAvCAOg',
142 silly reify   'D:\\CodeProject\\NCKH\\frontend\\node_modules\\lightningcss-linux-arm64-gnu': 'D:\\CodeProject\\NCKH\\frontend\\node_modules\\.lightningcss-linux-arm64-gnu-H7hiBsJg',
142 silly reify   'D:\\CodeProject\\NCKH\\frontend\\node_modules\\lightningcss-linux-arm64-musl': 'D:\\CodeProject\\NCKH\\frontend\\node_modules\\.lightningcss-linux-arm64-musl-Z4DxFcyP',
142 silly reify   'D:\\CodeProject\\NCKH\\frontend\\node_modules\\lightningcss-linux-x64-gnu': 'D:\\CodeProject\\NCKH\\frontend\\node_modules\\.lightningcss-linux-x64-gnu-jzZrArjz',
142 silly reify   'D:\\CodeProject\\NCKH\\frontend\\node_modules\\lightningcss-linux-x64-musl': 'D:\\CodeProject\\NCKH\\frontend\\node_modules\\.lightningcss-linux-x64-musl-Z4IAup34',
142 silly reify   'D:\\CodeProject\\NCKH\\frontend\\node_modules\\lightningcss-win32-arm64-msvc': 'D:\\CodeProject\\NCKH\\frontend\\node_modules\\.lightningcss-win32-arm64-msvc-h4yRUjXz',
142 silly reify   'D:\\CodeProject\\NCKH\\frontend\\node_modules\\lightningcss-win32-x64-msvc': 'D:\\CodeProject\\NCKH\\frontend\\node_modules\\.lightningcss-win32-x64-msvc-fJySAQHR',
142 silly reify   'D:\\CodeProject\\NCKH\\frontend\\node_modules\\locate-path': 'D:\\CodeProject\\NCKH\\frontend\\node_modules\\.locate-path-G6hNJPFS',
142 silly reify   'D:\\CodeProject\\NCKH\\frontend\\node_modules\\lodash.merge': 'D:\\CodeProject\\NCKH\\frontend\\node_modules\\.lodash.merge-svhcHpK1',
142 silly reify   'D:\\CodeProject\\NCKH\\frontend\\node_modules\\minimatch': 'D:\\CodeProject\\NCKH\\frontend\\node_modules\\.minimatch-tStCtALW',
142 silly reify   'D:\\CodeProject\\NCKH\\frontend\\node_modules\\nanoid': 'D:\\CodeProject\\NCKH\\frontend\\node_modules\\.nanoid-zdvyK1QR',
142 silly reify   'D:\\CodeProject\\NCKH\\frontend\\node_modules\\natural-compare': 'D:\\CodeProject\\NCKH\\frontend\\node_modules\\.natural-compare-xw5cK8tz',
142 silly reify   'D:\\CodeProject\\NCKH\\frontend\\node_modules\\optionator': 'D:\\CodeProject\\NCKH\\frontend\\node_modules\\.optionator-XCTgRgrf',
142 silly reify   'D:\\CodeProject\\NCKH\\frontend\\node_modules\\p-limit': 'D:\\CodeProject\\NCKH\\frontend\\node_modules\\.p-limit-7lInkohQ',
142 silly reify   'D:\\CodeProject\\NCKH\\frontend\\node_modules\\p-locate': 'D:\\CodeProject\\NCKH\\frontend\\node_modules\\.p-locate-Q8t8qWJY',
142 silly reify   'D:\\CodeProject\\NCKH\\frontend\\node_modules\\parent-module': 'D:\\CodeProject\\NCKH\\frontend\\node_modules\\.parent-module-3v0LWwgj',
142 silly reify   'D:\\CodeProject\\NCKH\\frontend\\node_modules\\path-exists': 'D:\\CodeProject\\NCKH\\frontend\\node_modules\\.path-exists-G5vVR3m2',
142 silly reify   'D:\\CodeProject\\NCKH\\frontend\\node_modules\\path-key': 'D:\\CodeProject\\NCKH\\frontend\\node_modules\\.path-key-j8Xkkq3v',
142 silly reify   'D:\\CodeProject\\NCKH\\frontend\\node_modules\\picomatch': 'D:\\CodeProject\\NCKH\\frontend\\node_modules\\.picomatch-kH5bS14u',
142 silly reify   'D:\\CodeProject\\NCKH\\frontend\\node_modules\\postcss': 'D:\\CodeProject\\NCKH\\frontend\\node_modules\\.postcss-QSKtm82D',
142 silly reify   'D:\\CodeProject\\NCKH\\frontend\\node_modules\\prelude-ls': 'D:\\CodeProject\\NCKH\\frontend\\node_modules\\.prelude-ls-8FBgfDH4',
142 silly reify   'D:\\CodeProject\\NCKH\\frontend\\node_modules\\protobufjs': 'D:\\CodeProject\\NCKH\\frontend\\node_modules\\.protobufjs-LtrSSNXA',
142 silly reify   'D:\\CodeProject\\NCKH\\frontend\\node_modules\\punycode': 'D:\\CodeProject\\NCKH\\frontend\\node_modules\\.punycode-b813aokW',
142 silly reify   'D:\\CodeProject\\NCKH\\frontend\\node_modules\\react-router': 'D:\\CodeProject\\NCKH\\frontend\\node_modules\\.react-router-Z53rGmII',
142 silly reify   'D:\\CodeProject\\NCKH\\frontend\\node_modules\\react-router-dom': 'D:\\CodeProject\\NCKH\\frontend\\node_modules\\.react-router-dom-tbzhYQSg',
142 silly reify   'D:\\CodeProject\\NCKH\\frontend\\node_modules\\react-use-measure': 'D:\\CodeProject\\NCKH\\frontend\\node_modules\\.react-use-measure-VQ0llAIq',
142 silly reify   'D:\\CodeProject\\NCKH\\frontend\\node_modules\\resolve-from': 'D:\\CodeProject\\NCKH\\frontend\\node_modules\\.resolve-from-ZoKcLxfE',
142 silly reify   'D:\\CodeProject\\NCKH\\frontend\\node_modules\\rolldown': 'D:\\CodeProject\\NCKH\\frontend\\node_modules\\.rolldown-v5767CZg',
142 silly reify   'D:\\CodeProject\\NCKH\\frontend\\node_modules\\set-cookie-parser': 'D:\\CodeProject\\NCKH\\frontend\\node_modules\\.set-cookie-parser-DK599kOb',
142 silly reify   'D:\\CodeProject\\NCKH\\frontend\\node_modules\\shebang-regex': 'D:\\CodeProject\\NCKH\\frontend\\node_modules\\.shebang-regex-aBR1Bs2U',
142 silly reify   'D:\\CodeProject\\NCKH\\frontend\\node_modules\\shebang-command': 'D:\\CodeProject\\NCKH\\frontend\\node_modules\\.shebang-command-2ZBRPK16',
142 silly reify   'D:\\CodeProject\\NCKH\\frontend\\node_modules\\supports-color': 'D:\\CodeProject\\NCKH\\frontend\\node_modules\\.supports-color-OoZd7P49',
142 silly reify   'D:\\CodeProject\\NCKH\\frontend\\node_modules\\strip-json-comments': 'D:\\CodeProject\\NCKH\\frontend\\node_modules\\.strip-json-comments-buv6GqNZ',
142 silly reify   'D:\\CodeProject\\NCKH\\frontend\\node_modules\\tinyglobby': 'D:\\CodeProject\\NCKH\\frontend\\node_modules\\.tinyglobby-K9EYbwik',
142 silly reify   'D:\\CodeProject\\NCKH\\frontend\\node_modules\\type-check': 'D:\\CodeProject\\NCKH\\frontend\\node_modules\\.type-check-i6Y80XRK',
142 silly reify   'D:\\CodeProject\\NCKH\\frontend\\node_modules\\uri-js': 'D:\\CodeProject\\NCKH\\frontend\\node_modules\\.uri-js-Z071R4fg',
142 silly reify   'D:\\CodeProject\\NCKH\\frontend\\node_modules\\vite': 'D:\\CodeProject\\NCKH\\frontend\\node_modules\\.vite-SaA0DfuR',
142 silly reify   'D:\\CodeProject\\NCKH\\frontend\\node_modules\\which': 'D:\\CodeProject\\NCKH\\frontend\\node_modules\\.which-CPaPY7dP',
142 silly reify   'D:\\CodeProject\\NCKH\\frontend\\node_modules\\word-wrap': 'D:\\CodeProject\\NCKH\\frontend\\node_modules\\.word-wrap-RK07gcer',
142 silly reify   'D:\\CodeProject\\NCKH\\frontend\\node_modules\\yocto-queue': 'D:\\CodeProject\\NCKH\\frontend\\node_modules\\.yocto-queue-bCMJbgFn',
142 silly reify   'D:\\CodeProject\\NCKH\\frontend\\node_modules\\@eslint\\config-array': 'D:\\CodeProject\\NCKH\\frontend\\node_modules\\@eslint\\.config-array-rFurt46h',
142 silly reify   'D:\\CodeProject\\NCKH\\frontend\\node_modules\\@eslint\\config-helpers': 'D:\\CodeProject\\NCKH\\frontend\\node_modules\\@eslint\\.config-helpers-rBIfceY2',
142 silly reify   'D:\\CodeProject\\NCKH\\frontend\\node_modules\\@eslint\\core': 'D:\\CodeProject\\NCKH\\frontend\\node_modules\\@eslint\\.core-duNLRzS0',
142 silly reify   'D:\\CodeProject\\NCKH\\frontend\\node_modules\\@eslint\\eslintrc': 'D:\\CodeProject\\NCKH\\frontend\\node_modules\\@eslint\\.eslintrc-yPWNjePe',
142 silly reify   'D:\\CodeProject\\NCKH\\frontend\\node_modules\\@eslint\\js': 'D:\\CodeProject\\NCKH\\frontend\\node_modules\\@eslint\\.js-A4lado6O',
142 silly reify   'D:\\CodeProject\\NCKH\\frontend\\node_modules\\@eslint\\object-schema': 'D:\\CodeProject\\NCKH\\frontend\\node_modules\\@eslint\\.object-schema-JSiwKCWI',
142 silly reify   'D:\\CodeProject\\NCKH\\frontend\\node_modules\\@eslint\\plugin-kit': 'D:\\CodeProject\\NCKH\\frontend\\node_modules\\@eslint\\.plugin-kit-sd0o4TGZ',
142 silly reify   'D:\\CodeProject\\NCKH\\frontend\\node_modules\\@eslint-community\\eslint-utils': 'D:\\CodeProject\\NCKH\\frontend\\node_modules\\@eslint-community\\.eslint-utils-0Y5piVhc',
142 silly reify   'D:\\CodeProject\\NCKH\\frontend\\node_modules\\@eslint-community\\regexpp': 'D:\\CodeProject\\NCKH\\frontend\\node_modules\\@eslint-community\\.regexpp-cshED3YY',
142 silly reify   'D:\\CodeProject\\NCKH\\frontend\\node_modules\\@humanfs\\core': 'D:\\CodeProject\\NCKH\\frontend\\node_modules\\@humanfs\\.core-Vz6mUn0h',
142 silly reify   'D:\\CodeProject\\NCKH\\frontend\\node_modules\\@humanfs\\node': 'D:\\CodeProject\\NCKH\\frontend\\node_modules\\@humanfs\\.node-nlPYLuZj',
142 silly reify   'D:\\CodeProject\\NCKH\\frontend\\node_modules\\@humanfs\\types': 'D:\\CodeProject\\NCKH\\frontend\\node_modules\\@humanfs\\.types-KgklTQnu',
142 silly reify   'D:\\CodeProject\\NCKH\\frontend\\node_modules\\@humanwhocodes\\module-importer': 'D:\\CodeProject\\NCKH\\frontend\\node_modules\\@humanwhocodes\\.module-importer-7G2WOxfZ',
142 silly reify   'D:\\CodeProject\\NCKH\\frontend\\node_modules\\@humanwhocodes\\retry': 'D:\\CodeProject\\NCKH\\frontend\\node_modules\\@humanwhocodes\\.retry-D8PCRjoc',
142 silly reify   'D:\\CodeProject\\NCKH\\frontend\\node_modules\\@oxc-project\\types': 'D:\\CodeProject\\NCKH\\frontend\\node_modules\\@oxc-project\\.types-IjYnv1WN',
142 silly reify   'D:\\CodeProject\\NCKH\\frontend\\node_modules\\@react-three\\fiber': 'D:\\CodeProject\\NCKH\\frontend\\node_modules\\@react-three\\.fiber-3IvHwO2S',
142 silly reify   'D:\\CodeProject\\NCKH\\frontend\\node_modules\\@rolldown\\binding-android-arm-eabi': 'D:\\CodeProject\\NCKH\\frontend\\node_modules\\@rolldown\\.binding-android-arm-eabi-ufS1LqR8',
142 silly reify   'D:\\CodeProject\\NCKH\\frontend\\node_modules\\@rolldown\\binding-android-arm64': 'D:\\CodeProject\\NCKH\\frontend\\node_modules\\@rolldown\\.binding-android-arm64-rr18JKdC',
142 silly reify   'D:\\CodeProject\\NCKH\\frontend\\node_modules\\@rolldown\\binding-darwin-arm64': 'D:\\CodeProject\\NCKH\\frontend\\node_modules\\@rolldown\\.binding-darwin-arm64-DK5w9HfT',
142 silly reify   'D:\\CodeProject\\NCKH\\frontend\\node_modules\\@rolldown\\binding-darwin-x64': 'D:\\CodeProject\\NCKH\\frontend\\node_modules\\@rolldown\\.binding-darwin-x64-HvF5YJAE',
142 silly reify   'D:\\CodeProject\\NCKH\\frontend\\node_modules\\@rolldown\\binding-freebsd-x64': 'D:\\CodeProject\\NCKH\\frontend\\node_modules\\@rolldown\\.binding-freebsd-x64-WZiMPArX',
142 silly reify   'D:\\CodeProject\\NCKH\\frontend\\node_modules\\@rolldown\\binding-linux-arm-gnueabihf': 'D:\\CodeProject\\NCKH\\frontend\\node_modules\\@rolldown\\.binding-linux-arm-gnueabihf-poRuG7ys',
142 silly reify   'D:\\CodeProject\\NCKH\\frontend\\node_modules\\@rolldown\\binding-linux-arm64-gnu': 'D:\\CodeProject\\NCKH\\frontend\\node_modules\\@rolldown\\.binding-linux-arm64-gnu-G5iK1dRZ',
142 silly reify   'D:\\CodeProject\\NCKH\\frontend\\node_modules\\@rolldown\\binding-linux-arm64-musl': 'D:\\CodeProject\\NCKH\\frontend\\node_modules\\@rolldown\\.binding-linux-arm64-musl-23CJM6vt',
142 silly reify   'D:\\CodeProject\\NCKH\\frontend\\node_modules\\@rolldown\\binding-linux-ppc64-gnu': 'D:\\CodeProject\\NCKH\\frontend\\node_modules\\@rolldown\\.binding-linux-ppc64-gnu-FDzsmjpZ',
142 silly reify   'D:\\CodeProject\\NCKH\\frontend\\node_modules\\@rolldown\\binding-linux-s390x-gnu': 'D:\\CodeProject\\NCKH\\frontend\\node_modules\\@rolldown\\.binding-linux-s390x-gnu-Zm69JrdL',
142 silly reify   'D:\\CodeProject\\NCKH\\frontend\\node_modules\\@rolldown\\binding-linux-x64-gnu': 'D:\\CodeProject\\NCKH\\frontend\\node_modules\\@rolldown\\.binding-linux-x64-gnu-0HpmjjaO',
142 silly reify   'D:\\CodeProject\\NCKH\\frontend\\node_modules\\@rolldown\\binding-linux-x64-musl': 'D:\\CodeProject\\NCKH\\frontend\\node_modules\\@rolldown\\.binding-linux-x64-musl-icBtmii7',
142 silly reify   'D:\\CodeProject\\NCKH\\frontend\\node_modules\\@rolldown\\binding-openharmony-arm64': 'D:\\CodeProject\\NCKH\\frontend\\node_modules\\@rolldown\\.binding-openharmony-arm64-fvy6vi9D',
142 silly reify   'D:\\CodeProject\\NCKH\\frontend\\node_modules\\@rolldown\\binding-win32-arm64-msvc': 'D:\\CodeProject\\NCKH\\frontend\\node_modules\\@rolldown\\.binding-win32-arm64-msvc-EC8gNIaz',
142 silly reify   'D:\\CodeProject\\NCKH\\frontend\\node_modules\\@rolldown\\binding-win32-x64-msvc': 'D:\\CodeProject\\NCKH\\frontend\\node_modules\\@rolldown\\.binding-win32-x64-msvc-haCm71m5',
142 silly reify   'D:\\CodeProject\\NCKH\\frontend\\node_modules\\@rolldown\\pluginutils': 'D:\\CodeProject\\NCKH\\frontend\\node_modules\\@rolldown\\.pluginutils-rNLxeOrc',
142 silly reify   'D:\\CodeProject\\NCKH\\frontend\\node_modules\\@types\\json-schema': 'D:\\CodeProject\\NCKH\\frontend\\node_modules\\@types\\.json-schema-9gNDzScF',
142 silly reify   'D:\\CodeProject\\NCKH\\frontend\\node_modules\\@vitejs\\plugin-react': 'D:\\CodeProject\\NCKH\\frontend\\node_modules\\@vitejs\\.plugin-react-UJfQ8u2m'
142 silly reify }
143 silly audit bulk request {
143 silly audit   '@babel/runtime': [ '7.29.7' ],
143 silly audit   '@eslint-community/eslint-utils': [ '4.10.1' ],
143 silly audit   'eslint-visitor-keys': [ '3.4.3', '4.2.1' ],
143 silly audit   '@eslint-community/regexpp': [ '4.12.2' ],
143 silly audit   '@eslint/config-array': [ '0.21.2' ],
143 silly audit   '@eslint/config-helpers': [ '0.4.2' ],
143 silly audit   '@eslint/core': [ '0.17.0' ],
143 silly audit   '@eslint/eslintrc': [ '3.3.6' ],
143 silly audit   globals: [ '14.0.0', '15.0.0' ],
143 silly audit   '@eslint/js': [ '9.39.0' ],
143 silly audit   '@eslint/object-schema': [ '2.1.7' ],
143 silly audit   '@eslint/plugin-kit': [ '0.4.1' ],
143 silly audit   '@firebase/ai': [ '2.13.1' ],
143 silly audit   '@firebase/analytics': [ '0.10.22' ],
143 silly audit   '@firebase/analytics-compat': [ '0.2.28' ],
143 silly audit   '@firebase/analytics-types': [ '0.8.4' ],
143 silly audit   '@firebase/app': [ '0.15.0' ],
143 silly audit   '@firebase/app-check': [ '0.12.0' ],
143 silly audit   '@firebase/app-check-compat': [ '0.4.5' ],
143 silly audit   '@firebase/app-check-interop-types': [ '0.3.4' ],
143 silly audit   '@firebase/app-check-types': [ '0.5.4' ],
143 silly audit   '@firebase/app-compat': [ '0.5.14' ],
143 silly audit   '@firebase/app-types': [ '0.9.5' ],
143 silly audit   '@firebase/auth-compat': [ '0.6.8' ],
143 silly audit   '@firebase/auth': [ '1.13.3' ],
143 silly audit   '@firebase/auth-interop-types': [ '0.2.5' ],
143 silly audit   '@firebase/auth-types': [ '0.13.1' ],
143 silly audit   '@firebase/component': [ '0.7.3' ],
143 silly audit   '@firebase/data-connect': [ '0.7.1' ],
143 silly audit   '@firebase/database': [ '1.1.3' ],
143 silly audit   '@firebase/database-compat': [ '2.1.4' ],
143 silly audit   '@firebase/database-types': [ '1.0.20' ],
143 silly audit   '@firebase/firestore': [ '4.16.0' ],
143 silly audit   '@firebase/firestore-compat': [ '0.4.11' ],
143 silly audit   '@firebase/firestore-types': [ '3.0.4' ],
143 silly audit   '@firebase/functions': [ '0.13.5' ],
143 silly audit   '@firebase/functions-compat': [ '0.4.5' ],
143 silly audit   '@firebase/functions-types': [ '0.6.4' ],
143 silly audit   '@firebase/installations': [ '0.6.22' ],
143 silly audit   '@firebase/installations-compat': [ '0.2.22' ],
143 silly audit   '@firebase/installations-types': [ '0.5.4' ],
143 silly audit   '@firebase/logger': [ '0.5.1' ],
143 silly audit   '@firebase/messaging': [ '0.13.0' ],
143 silly audit   '@firebase/messaging-compat': [ '0.2.27' ],
143 silly audit   '@firebase/messaging-interop-types': [ '0.2.5' ],
143 silly audit   '@firebase/performance': [ '0.7.12' ],
143 silly audit   '@firebase/performance-compat': [ '0.2.25' ],
143 silly audit   '@firebase/performance-types': [ '0.2.4' ],
143 silly audit   '@firebase/remote-config': [ '0.8.5' ],
143 silly audit   '@firebase/remote-config-compat': [ '0.2.26' ],
143 silly audit   '@firebase/remote-config-types': [ '0.5.1' ],
143 silly audit   '@firebase/storage': [ '0.14.3' ],
143 silly audit   '@firebase/storage-compat': [ '0.4.3' ],
143 silly audit   '@firebase/storage-types': [ '0.8.4' ],
143 silly audit   '@firebase/util': [ '1.15.1' ],
143 silly audit   '@firebase/webchannel-wrapper': [ '1.0.6' ],
143 silly audit   '@fortawesome/fontawesome-common-types': [ '7.2.0' ],
143 silly audit   '@fortawesome/fontawesome-svg-core': [ '7.2.0' ],
143 silly audit   '@fortawesome/free-brands-svg-icons': [ '7.2.0' ],
143 silly audit   '@fortawesome/free-regular-svg-icons': [ '7.2.0' ],
143 silly audit   '@fortawesome/free-solid-svg-icons': [ '7.2.0' ],
143 silly audit   '@fortawesome/react-fontawesome': [ '3.3.1' ],
143 silly audit   '@grpc/grpc-js': [ '1.9.16' ],
143 silly audit   '@grpc/proto-loader': [ '0.7.15' ],
143 silly audit   '@humanfs/core': [ '0.19.2' ],
143 silly audit   '@humanfs/node': [ '0.16.8' ],
143 silly audit   '@humanfs/types': [ '0.15.0' ],
143 silly audit   '@humanwhocodes/module-importer': [ '1.0.1' ],
143 silly audit   '@humanwhocodes/retry': [ '0.4.3' ],
143 silly audit   '@oxc-project/types': [ '0.147.0' ],
143 silly audit   '@protobufjs/aspromise': [ '1.1.2' ],
143 silly audit   '@protobufjs/base64': [ '1.1.2' ],
143 silly audit   '@protobufjs/codegen': [ '2.0.5' ],
143 silly audit   '@protobufjs/eventemitter': [ '1.1.1' ],
143 silly audit   '@protobufjs/fetch': [ '1.1.1' ],
143 silly audit   '@protobufjs/float': [ '1.0.2' ],
143 silly audit   '@protobufjs/path': [ '1.1.2' ],
143 silly audit   '@protobufjs/pool': [ '1.1.0' ],
143 silly audit   '@protobufjs/utf8': [ '1.1.1' ],
143 silly audit   '@react-three/fiber': [ '8.18.0' ],
143 silly audit   scheduler: [ '0.21.0', '0.23.2' ],
143 silly audit   '@rolldown/binding-android-arm-eabi': [ '1.2.6' ],
143 silly audit   '@rolldown/binding-android-arm64': [ '1.2.6' ],
143 silly audit   '@rolldown/binding-darwin-arm64': [ '1.2.6' ],
143 silly audit   '@rolldown/binding-darwin-x64': [ '1.2.6' ],
143 silly audit   '@rolldown/binding-freebsd-x64': [ '1.2.6' ],
143 silly audit   '@rolldown/binding-linux-arm-gnueabihf': [ '1.2.6' ],
143 silly audit   '@rolldown/binding-linux-arm64-gnu': [ '1.2.6' ],
143 silly audit   '@rolldown/binding-linux-arm64-musl': [ '1.2.6' ],
143 silly audit   '@rolldown/binding-linux-ppc64-gnu': [ '1.2.6' ],
143 silly audit   '@rolldown/binding-linux-s390x-gnu': [ '1.2.6' ],
143 silly audit   '@rolldown/binding-linux-x64-gnu': [ '1.2.6' ],
143 silly audit   '@rolldown/binding-linux-x64-musl': [ '1.2.6' ],
143 silly audit   '@rolldown/binding-openharmony-arm64': [ '1.2.6' ],
143 silly audit   '@rolldown/binding-win32-arm64-msvc': [ '1.2.6' ],
143 silly audit   '@rolldown/binding-win32-x64-msvc': [ '1.2.6' ],
143 silly audit   '@rolldown/pluginutils': [ '1.0.1' ],
143 silly audit   '@types/estree': [ '1.0.8' ],
143 silly audit   '@types/json-schema': [ '7.0.15' ],
143 silly audit   '@types/node': [ '26.0.0' ],
143 silly audit   '@types/react': [ '19.2.18' ],
143 silly audit   '@types/react-reconciler': [ '0.26.7', '0.28.9' ],
143 silly audit   '@types/webxr': [ '0.5.24' ],
143 silly audit   '@vitejs/plugin-react': [ '6.1.1' ],
143 silly audit   acorn: [ '8.18.0' ],
143 silly audit   'acorn-jsx': [ '5.3.2' ],
143 silly audit   ajv: [ '6.15.0' ],
143 silly audit   'ansi-regex': [ '5.0.1' ],
143 silly audit   'ansi-styles': [ '4.3.0' ],
143 silly audit   argparse: [ '2.0.1' ],
143 silly audit   'balanced-match': [ '1.0.2' ],
143 silly audit   'base64-js': [ '1.5.1' ],
143 silly audit   'brace-expansion': [ '1.1.18' ],
143 silly audit   buffer: [ '6.0.3' ],
143 silly audit   callsites: [ '3.1.0' ],
143 silly audit   chalk: [ '4.1.2' ],
143 silly audit   cliui: [ '8.0.1' ],
143 silly audit   'color-convert': [ '2.0.1' ],
143 silly audit   'color-name': [ '1.1.4' ],
143 silly audit   'concat-map': [ '0.0.1' ],
143 silly audit   cookie: [ '1.1.1' ],
143 silly audit   'cross-spawn': [ '7.0.6' ],
143 silly audit   csstype: [ '3.2.3' ],
143 silly audit   debug: [ '4.4.3' ],
143 silly audit   'deep-is': [ '0.1.4' ],
143 silly audit   'detect-libc': [ '2.1.2' ],
143 silly audit   'emoji-regex': [ '8.0.0' ],
143 silly audit   escalade: [ '3.2.0' ],
143 silly audit   'escape-string-regexp': [ '4.0.0' ],
143 silly audit   eslint: [ '9.39.0' ],
143 silly audit   'eslint-plugin-react-hooks': [ '5.0.0' ],
143 silly audit   'eslint-scope': [ '8.4.0' ],
143 silly audit   espree: [ '10.4.0' ],
143 silly audit   esquery: [ '1.7.0' ],
143 silly audit   esrecurse: [ '4.3.0' ],
143 silly audit   estraverse: [ '5.3.0' ],
143 silly audit   esutils: [ '2.0.3' ],
143 silly audit   'fast-deep-equal': [ '3.1.3' ],
143 silly audit   'fast-json-stable-stringify': [ '2.1.0' ],
143 silly audit   'fast-levenshtein': [ '2.0.6' ],
143 silly audit   'faye-websocket': [ '0.11.4' ],
143 silly audit   fdir: [ '6.5.0' ],
143 silly audit   'file-entry-cache': [ '8.0.0' ],
143 silly audit   'find-up': [ '5.0.0' ],
143 silly audit   firebase: [ '12.15.0' ],
143 silly audit   'flat-cache': [ '4.0.1' ],
143 silly audit   flatted: [ '3.4.4' ],
143 silly audit   fsevents: [ '2.3.3' ],
143 silly audit   'get-caller-file': [ '2.0.5' ],
143 silly audit   'glob-parent': [ '6.0.2' ],
143 silly audit   'has-flag': [ '4.0.0' ],
143 silly audit   'http-parser-js': [ '0.5.10' ],
143 silly audit   idb: [ '7.1.1' ],
143 silly audit   ieee754: [ '1.2.1' ],
143 silly audit   ignore: [ '5.3.2' ],
143 silly audit   'import-fresh': [ '3.3.1' ],
143 silly audit   imurmurhash: [ '0.1.4' ],
143 silly audit   'is-extglob': [ '2.1.1' ],
143 silly audit   'is-fullwidth-code-point': [ '3.0.0' ],
143 silly audit   'is-glob': [ '4.0.3' ],
143 silly audit   isexe: [ '2.0.0' ],
143 silly audit   'its-fine': [ '1.2.5' ],
143 silly audit   'js-tokens': [ '4.0.0' ],
143 silly audit   'js-yaml': [ '4.3.1' ],
143 silly audit   'json-buffer': [ '3.0.1' ],
143 silly audit   'json-schema-traverse': [ '0.4.1' ],
143 silly audit   'json-stable-stringify-without-jsonify': [ '1.0.1' ],
143 silly audit   keyv: [ '4.5.4' ],
143 silly audit   levn: [ '0.4.1' ],
143 silly audit   lightningcss: [ '1.33.0' ],
143 silly audit   'lightningcss-android-arm64': [ '1.33.0' ],
143 silly audit   'lightningcss-darwin-arm64': [ '1.33.0' ],
143 silly audit   'lightningcss-darwin-x64': [ '1.33.0' ],
143 silly audit   'lightningcss-freebsd-x64': [ '1.33.0' ],
143 silly audit   'lightningcss-linux-arm-gnueabihf': [ '1.33.0' ],
143 silly audit   'lightningcss-linux-arm64-gnu': [ '1.33.0' ],
143 silly audit   'lightningcss-linux-arm64-musl': [ '1.33.0' ],
143 silly audit   'lightningcss-linux-x64-gnu': [ '1.33.0' ],
143 silly audit   'lightningcss-linux-x64-musl': [ '1.33.0' ],
143 silly audit   'lightningcss-win32-arm64-msvc': [ '1.33.0' ],
143 silly audit   'lightningcss-win32-x64-msvc': [ '1.33.0' ],
143 silly audit   'locate-path': [ '6.0.0' ],
143 silly audit   'lodash.camelcase': [ '4.3.0' ],
143 silly audit   'lodash.merge': [ '4.6.2' ],
143 silly audit   long: [ '5.3.2' ],
143 silly audit   'loose-envify': [ '1.4.0' ],
143 silly audit   minimatch: [ '3.1.5' ],
143 silly audit   ms: [ '2.1.3' ],
143 silly audit   nanoid: [ '3.3.18' ],
143 silly audit   'natural-compare': [ '1.4.0' ],
143 silly audit   optionator: [ '0.9.4' ],
143 silly audit   'p-limit': [ '3.1.0' ],
143 silly audit   'p-locate': [ '5.0.0' ],
143 silly audit   'parent-module': [ '1.0.1' ],
143 silly audit   'path-exists': [ '4.0.0' ],
143 silly audit   'path-key': [ '3.1.1' ],
143 silly audit   picocolors: [ '1.1.1' ],
143 silly audit   picomatch: [ '4.0.7' ],
143 silly audit   postcss: [ '8.5.26' ],
143 silly audit   'prelude-ls': [ '1.2.1' ],
143 silly audit   protobufjs: [ '7.6.6' ],
143 silly audit   punycode: [ '2.3.1' ],
143 silly audit   re2js: [ '0.4.3' ],
143 silly audit   react: [ '18.3.1' ],
143 silly audit   'react-dom': [ '18.3.1' ],
143 silly audit   'react-reconciler': [ '0.27.0' ],
143 silly audit   'react-router': [ '7.18.3' ],
143 silly audit   'react-router-dom': [ '7.18.3' ],
143 silly audit   'react-use-measure': [ '2.1.7' ],
143 silly audit   'require-directory': [ '2.1.1' ],
143 silly audit   'resolve-from': [ '4.0.0' ],
143 silly audit   rolldown: [ '1.2.6' ],
143 silly audit   'safe-buffer': [ '5.2.1' ],
143 silly audit   'set-cookie-parser': [ '2.7.2' ],
143 silly audit   'shebang-command': [ '2.0.0' ],
143 silly audit   'shebang-regex': [ '3.0.0' ],
143 silly audit   'source-map-js': [ '1.2.1' ],
143 silly audit   'string-width': [ '4.2.3' ],
143 silly audit   'strip-ansi': [ '6.0.1' ],
143 silly audit   'strip-json-comments': [ '3.1.1' ],
143 silly audit   'supports-color': [ '7.2.0' ],
143 silly audit   'suspend-react': [ '0.1.3' ],
143 silly audit   three: [ '0.169.0' ],
143 silly audit   tinyglobby: [ '0.2.17' ],
143 silly audit   tslib: [ '2.8.1' ],
143 silly audit   'type-check': [ '0.4.0' ],
143 silly audit   'undici-types': [ '8.3.0' ],
143 silly audit   'uri-js': [ '4.4.1' ],
143 silly audit   vite: [ '8.2.2' ],
143 silly audit   'web-vitals': [ '4.2.4' ],
143 silly audit   'websocket-driver': [ '0.7.5' ],
143 silly audit   'websocket-extensions': [ '0.1.4' ],
143 silly audit   which: [ '2.0.2' ],
143 silly audit   'word-wrap': [ '1.2.5' ],
143 silly audit   'wrap-ansi': [ '7.0.0' ],
143 silly audit   y18n: [ '5.0.8' ],
143 silly audit   yargs: [ '17.7.3' ],
143 silly audit   'yargs-parser': [ '21.1.1' ],
143 silly audit   'yocto-queue': [ '0.1.0' ],
143 silly audit   zustand: [ '3.7.2' ]
143 silly audit }
144 verbose reify failed optional dependency D:\CodeProject\NCKH\frontend\node_modules\@rolldown\binding-win32-arm64-msvc
145 silly reify mark deleted [
145 silly reify   'D:\\CodeProject\\NCKH\\frontend\\node_modules\\@rolldown\\binding-win32-arm64-msvc'
145 silly reify ]
146 verbose reify failed optional dependency D:\CodeProject\NCKH\frontend\node_modules\@rolldown\binding-openharmony-arm64
147 silly reify mark deleted [
147 silly reify   'D:\\CodeProject\\NCKH\\frontend\\node_modules\\@rolldown\\binding-openharmony-arm64'
147 silly reify ]
148 verbose reify failed optional dependency D:\CodeProject\NCKH\frontend\node_modules\@rolldown\binding-linux-x64-musl
149 silly reify mark deleted [
149 silly reify   'D:\\CodeProject\\NCKH\\frontend\\node_modules\\@rolldown\\binding-linux-x64-musl'
149 silly reify ]
150 verbose reify failed optional dependency D:\CodeProject\NCKH\frontend\node_modules\@rolldown\binding-linux-x64-gnu
151 silly reify mark deleted [
151 silly reify   'D:\\CodeProject\\NCKH\\frontend\\node_modules\\@rolldown\\binding-linux-x64-gnu'
151 silly reify ]
152 verbose reify failed optional dependency D:\CodeProject\NCKH\frontend\node_modules\@rolldown\binding-linux-s390x-gnu
153 silly reify mark deleted [
153 silly reify   'D:\\CodeProject\\NCKH\\frontend\\node_modules\\@rolldown\\binding-linux-s390x-gnu'
153 silly reify ]
154 verbose reify failed optional dependency D:\CodeProject\NCKH\frontend\node_modules\@rolldown\binding-linux-ppc64-gnu
155 silly reify mark deleted [
155 silly reify   'D:\\CodeProject\\NCKH\\frontend\\node_modules\\@rolldown\\binding-linux-ppc64-gnu'
155 silly reify ]
156 verbose reify failed optional dependency D:\CodeProject\NCKH\frontend\node_modules\@rolldown\binding-linux-arm64-musl
157 silly reify mark deleted [
157 silly reify   'D:\\CodeProject\\NCKH\\frontend\\node_modules\\@rolldown\\binding-linux-arm64-musl'
157 silly reify ]
158 verbose reify failed optional dependency D:\CodeProject\NCKH\frontend\node_modules\@rolldown\binding-linux-arm64-gnu
159 silly reify mark deleted [
159 silly reify   'D:\\CodeProject\\NCKH\\frontend\\node_modules\\@rolldown\\binding-linux-arm64-gnu'
159 silly reify ]
160 verbose reify failed optional dependency D:\CodeProject\NCKH\frontend\node_modules\@rolldown\binding-linux-arm-gnueabihf
161 silly reify mark deleted [
161 silly reify   'D:\\CodeProject\\NCKH\\frontend\\node_modules\\@rolldown\\binding-linux-arm-gnueabihf'
161 silly reify ]
162 verbose reify failed optional dependency D:\CodeProject\NCKH\frontend\node_modules\@rolldown\binding-freebsd-x64
163 silly reify mark deleted [
163 silly reify   'D:\\CodeProject\\NCKH\\frontend\\node_modules\\@rolldown\\binding-freebsd-x64'
163 silly reify ]
164 verbose reify failed optional dependency D:\CodeProject\NCKH\frontend\node_modules\@rolldown\binding-darwin-x64
165 silly reify mark deleted [
165 silly reify   'D:\\CodeProject\\NCKH\\frontend\\node_modules\\@rolldown\\binding-darwin-x64'
165 silly reify ]
166 verbose reify failed optional dependency D:\CodeProject\NCKH\frontend\node_modules\@rolldown\binding-darwin-arm64
167 silly reify mark deleted [
167 silly reify   'D:\\CodeProject\\NCKH\\frontend\\node_modules\\@rolldown\\binding-darwin-arm64'
167 silly reify ]
168 verbose reify failed optional dependency D:\CodeProject\NCKH\frontend\node_modules\@rolldown\binding-android-arm64
169 silly reify mark deleted [
169 silly reify   'D:\\CodeProject\\NCKH\\frontend\\node_modules\\@rolldown\\binding-android-arm64'
169 silly reify ]
170 verbose reify failed optional dependency D:\CodeProject\NCKH\frontend\node_modules\@rolldown\binding-android-arm-eabi
171 silly reify mark deleted [
171 silly reify   'D:\\CodeProject\\NCKH\\frontend\\node_modules\\@rolldown\\binding-android-arm-eabi'
171 silly reify ]
172 verbose reify failed optional dependency D:\CodeProject\NCKH\frontend\node_modules\lightningcss-win32-arm64-msvc
173 silly reify mark deleted [
173 silly reify   'D:\\CodeProject\\NCKH\\frontend\\node_modules\\lightningcss-win32-arm64-msvc'
173 silly reify ]
174 verbose reify failed optional dependency D:\CodeProject\NCKH\frontend\node_modules\lightningcss-linux-x64-musl
175 silly reify mark deleted [
175 silly reify   'D:\\CodeProject\\NCKH\\frontend\\node_modules\\lightningcss-linux-x64-musl'
175 silly reify ]
176 verbose reify failed optional dependency D:\CodeProject\NCKH\frontend\node_modules\lightningcss-linux-x64-gnu
177 silly reify mark deleted [
177 silly reify   'D:\\CodeProject\\NCKH\\frontend\\node_modules\\lightningcss-linux-x64-gnu'
177 silly reify ]
178 verbose reify failed optional dependency D:\CodeProject\NCKH\frontend\node_modules\lightningcss-linux-arm64-musl
179 silly reify mark deleted [
179 silly reify   'D:\\CodeProject\\NCKH\\frontend\\node_modules\\lightningcss-linux-arm64-musl'
179 silly reify ]
180 verbose reify failed optional dependency D:\CodeProject\NCKH\frontend\node_modules\lightningcss-linux-arm64-gnu
181 silly reify mark deleted [
181 silly reify   'D:\\CodeProject\\NCKH\\frontend\\node_modules\\lightningcss-linux-arm64-gnu'
181 silly reify ]
182 verbose reify failed optional dependency D:\CodeProject\NCKH\frontend\node_modules\lightningcss-linux-arm-gnueabihf
183 silly reify mark deleted [
183 silly reify   'D:\\CodeProject\\NCKH\\frontend\\node_modules\\lightningcss-linux-arm-gnueabihf'
183 silly reify ]
184 verbose reify failed optional dependency D:\CodeProject\NCKH\frontend\node_modules\lightningcss-freebsd-x64
185 silly reify mark deleted [
185 silly reify   'D:\\CodeProject\\NCKH\\frontend\\node_modules\\lightningcss-freebsd-x64'
185 silly reify ]
186 verbose reify failed optional dependency D:\CodeProject\NCKH\frontend\node_modules\lightningcss-darwin-x64
187 silly reify mark deleted [
187 silly reify   'D:\\CodeProject\\NCKH\\frontend\\node_modules\\lightningcss-darwin-x64'
187 silly reify ]
188 verbose reify failed optional dependency D:\CodeProject\NCKH\frontend\node_modules\lightningcss-darwin-arm64
189 silly reify mark deleted [
189 silly reify   'D:\\CodeProject\\NCKH\\frontend\\node_modules\\lightningcss-darwin-arm64'
189 silly reify ]
190 verbose reify failed optional dependency D:\CodeProject\NCKH\frontend\node_modules\lightningcss-android-arm64
191 silly reify mark deleted [
191 silly reify   'D:\\CodeProject\\NCKH\\frontend\\node_modules\\lightningcss-android-arm64'
191 silly reify ]
192 verbose reify failed optional dependency D:\CodeProject\NCKH\frontend\node_modules\fsevents
193 silly reify mark deleted [ 'D:\\CodeProject\\NCKH\\frontend\\node_modules\\fsevents' ]
194 silly audit bulk request failed undefined
195 http cache @vitejs/plugin-react@https://registry.npmjs.org/@vitejs/plugin-react/-/plugin-react-6.1.1.tgz 1ms (cache hit)
196 http cache @types/json-schema@https://registry.npmjs.org/@types/json-schema/-/json-schema-7.0.15.tgz 0ms (cache hit)
197 http cache @rolldown/pluginutils@https://registry.npmjs.org/@rolldown/pluginutils/-/pluginutils-1.0.1.tgz 0ms (cache hit)
198 http cache @oxc-project/types@https://registry.npmjs.org/@oxc-project/types/-/types-0.147.0.tgz 0ms (cache hit)
199 http cache @react-three/fiber@https://registry.npmjs.org/@react-three/fiber/-/fiber-8.18.0.tgz 0ms (cache hit)
200 http cache @rolldown/binding-win32-x64-msvc@https://registry.npmjs.org/@rolldown/binding-win32-x64-msvc/-/binding-win32-x64-msvc-1.2.6.tgz 0ms (cache hit)
201 http cache @humanwhocodes/module-importer@https://registry.npmjs.org/@humanwhocodes/module-importer/-/module-importer-1.0.1.tgz 0ms (cache hit)
202 http cache @humanfs/node@https://registry.npmjs.org/@humanfs/node/-/node-0.16.8.tgz 0ms (cache hit)
203 http cache @humanwhocodes/retry@https://registry.npmjs.org/@humanwhocodes/retry/-/retry-0.4.3.tgz 0ms (cache hit)
204 http cache @humanfs/types@https://registry.npmjs.org/@humanfs/types/-/types-0.15.0.tgz 0ms (cache hit)
205 http cache @eslint/plugin-kit@https://registry.npmjs.org/@eslint/plugin-kit/-/plugin-kit-0.4.1.tgz 0ms (cache hit)
206 http cache @eslint-community/regexpp@https://registry.npmjs.org/@eslint-community/regexpp/-/regexpp-4.12.2.tgz 0ms (cache hit)
207 http cache @eslint-community/eslint-utils@https://registry.npmjs.org/@eslint-community/eslint-utils/-/eslint-utils-4.10.1.tgz 0ms (cache hit)
208 http cache @eslint/js@https://registry.npmjs.org/@eslint/js/-/js-9.39.0.tgz 0ms (cache hit)
209 http cache @eslint/eslintrc@https://registry.npmjs.org/@eslint/eslintrc/-/eslintrc-3.3.6.tgz 0ms (cache hit)
210 http cache @eslint/object-schema@https://registry.npmjs.org/@eslint/object-schema/-/object-schema-2.1.7.tgz 0ms (cache hit)
211 http cache @humanfs/core@https://registry.npmjs.org/@humanfs/core/-/core-0.19.2.tgz 0ms (cache hit)
212 http cache yocto-queue@https://registry.npmjs.org/yocto-queue/-/yocto-queue-0.1.0.tgz 0ms (cache hit)
213 http cache @eslint/core@https://registry.npmjs.org/@eslint/core/-/core-0.17.0.tgz 0ms (cache hit)
214 http cache word-wrap@https://registry.npmjs.org/word-wrap/-/word-wrap-1.2.5.tgz 0ms (cache hit)
215 http cache @eslint/config-helpers@https://registry.npmjs.org/@eslint/config-helpers/-/config-helpers-0.4.2.tgz 0ms (cache hit)
216 http cache vite@https://registry.npmjs.org/vite/-/vite-8.2.2.tgz 0ms (cache hit)
217 http cache @eslint/config-array@https://registry.npmjs.org/@eslint/config-array/-/config-array-0.21.2.tgz 0ms (cache hit)
218 http cache uri-js@https://registry.npmjs.org/uri-js/-/uri-js-4.4.1.tgz 0ms (cache hit)
219 http cache type-check@https://registry.npmjs.org/type-check/-/type-check-0.4.0.tgz 0ms (cache hit)
220 http cache which@https://registry.npmjs.org/which/-/which-2.0.2.tgz 0ms (cache hit)
221 http cache strip-json-comments@https://registry.npmjs.org/strip-json-comments/-/strip-json-comments-3.1.1.tgz 0ms (cache hit)
222 http cache supports-color@https://registry.npmjs.org/supports-color/-/supports-color-7.2.0.tgz 0ms (cache hit)
223 http cache shebang-regex@https://registry.npmjs.org/shebang-regex/-/shebang-regex-3.0.0.tgz 0ms (cache hit)
224 http cache tinyglobby@https://registry.npmjs.org/tinyglobby/-/tinyglobby-0.2.17.tgz 0ms (cache hit)
225 http cache set-cookie-parser@https://registry.npmjs.org/set-cookie-parser/-/set-cookie-parser-2.7.2.tgz 0ms (cache hit)
226 http cache shebang-command@https://registry.npmjs.org/shebang-command/-/shebang-command-2.0.0.tgz 0ms (cache hit)
227 http cache react-use-measure@https://registry.npmjs.org/react-use-measure/-/react-use-measure-2.1.7.tgz 0ms (cache hit)
228 http cache rolldown@https://registry.npmjs.org/rolldown/-/rolldown-1.2.6.tgz 0ms (cache hit)
229 http cache react-router-dom@https://registry.npmjs.org/react-router-dom/-/react-router-dom-7.18.3.tgz 0ms (cache hit)
230 http cache punycode@https://registry.npmjs.org/punycode/-/punycode-2.3.1.tgz 0ms (cache hit)
231 http cache resolve-from@https://registry.npmjs.org/resolve-from/-/resolve-from-4.0.0.tgz 0ms (cache hit)
232 http cache react-router@https://registry.npmjs.org/react-router/-/react-router-7.18.3.tgz 0ms (cache hit)
233 http cache prelude-ls@https://registry.npmjs.org/prelude-ls/-/prelude-ls-1.2.1.tgz 0ms (cache hit)
234 http cache picomatch@https://registry.npmjs.org/picomatch/-/picomatch-4.0.7.tgz 0ms (cache hit)
235 http cache protobufjs@https://registry.npmjs.org/protobufjs/-/protobufjs-7.6.6.tgz 0ms (cache hit)
236 http cache postcss@https://registry.npmjs.org/postcss/-/postcss-8.5.26.tgz 0ms (cache hit)
237 http cache path-key@https://registry.npmjs.org/path-key/-/path-key-3.1.1.tgz 0ms (cache hit)
238 http cache path-exists@https://registry.npmjs.org/path-exists/-/path-exists-4.0.0.tgz 0ms (cache hit)
239 http cache p-locate@https://registry.npmjs.org/p-locate/-/p-locate-5.0.0.tgz 0ms (cache hit)
240 http cache optionator@https://registry.npmjs.org/optionator/-/optionator-0.9.4.tgz 0ms (cache hit)
241 http cache parent-module@https://registry.npmjs.org/parent-module/-/parent-module-1.0.1.tgz 0ms (cache hit)
242 http cache nanoid@https://registry.npmjs.org/nanoid/-/nanoid-3.3.18.tgz 0ms (cache hit)
243 http cache p-limit@https://registry.npmjs.org/p-limit/-/p-limit-3.1.0.tgz 0ms (cache hit)
244 http cache lodash.merge@https://registry.npmjs.org/lodash.merge/-/lodash.merge-4.6.2.tgz 0ms (cache hit)
245 http cache natural-compare@https://registry.npmjs.org/natural-compare/-/natural-compare-1.4.0.tgz 0ms (cache hit)
246 http cache minimatch@https://registry.npmjs.org/minimatch/-/minimatch-3.1.5.tgz 0ms (cache hit)
247 http cache locate-path@https://registry.npmjs.org/locate-path/-/locate-path-6.0.0.tgz 0ms (cache hit)
248 http cache levn@https://registry.npmjs.org/levn/-/levn-0.4.1.tgz 0ms (cache hit)
249 http cache lightningcss@https://registry.npmjs.org/lightningcss/-/lightningcss-1.33.0.tgz 0ms (cache hit)
250 http cache keyv@https://registry.npmjs.org/keyv/-/keyv-4.5.4.tgz 0ms (cache hit)
251 http cache lightningcss-win32-x64-msvc@https://registry.npmjs.org/lightningcss-win32-x64-msvc/-/lightningcss-win32-x64-msvc-1.33.0.tgz 0ms (cache hit)
252 http cache json-stable-stringify-without-jsonify@https://registry.npmjs.org/json-stable-stringify-without-jsonify/-/json-stable-stringify-without-jsonify-1.0.1.tgz 0ms (cache hit)
253 http cache js-yaml@https://registry.npmjs.org/js-yaml/-/js-yaml-4.3.1.tgz 0ms (cache hit)
254 http cache json-buffer@https://registry.npmjs.org/json-buffer/-/json-buffer-3.0.1.tgz 0ms (cache hit)
255 http cache isexe@https://registry.npmjs.org/isexe/-/isexe-2.0.0.tgz 0ms (cache hit)
256 http cache json-schema-traverse@https://registry.npmjs.org/json-schema-traverse/-/json-schema-traverse-0.4.1.tgz 0ms (cache hit)
257 http cache is-glob@https://registry.npmjs.org/is-glob/-/is-glob-4.0.3.tgz 0ms (cache hit)
258 http cache is-extglob@https://registry.npmjs.org/is-extglob/-/is-extglob-2.1.1.tgz 0ms (cache hit)
259 http cache ignore@https://registry.npmjs.org/ignore/-/ignore-5.3.2.tgz 0ms (cache hit)
260 http cache imurmurhash@https://registry.npmjs.org/imurmurhash/-/imurmurhash-0.1.4.tgz 0ms (cache hit)
261 http cache globals@https://registry.npmjs.org/globals/-/globals-15.0.0.tgz 0ms (cache hit)
262 http cache has-flag@https://registry.npmjs.org/has-flag/-/has-flag-4.0.0.tgz 0ms (cache hit)
263 http cache glob-parent@https://registry.npmjs.org/glob-parent/-/glob-parent-6.0.2.tgz 0ms (cache hit)
264 http cache flatted@https://registry.npmjs.org/flatted/-/flatted-3.4.4.tgz 0ms (cache hit)
265 http cache import-fresh@https://registry.npmjs.org/import-fresh/-/import-fresh-3.3.1.tgz 0ms (cache hit)
266 http cache find-up@https://registry.npmjs.org/find-up/-/find-up-5.0.0.tgz 0ms (cache hit)
267 http cache fdir@https://registry.npmjs.org/fdir/-/fdir-6.5.0.tgz 0ms (cache hit)
268 http cache flat-cache@https://registry.npmjs.org/flat-cache/-/flat-cache-4.0.1.tgz 0ms (cache hit)
269 http cache fast-deep-equal@https://registry.npmjs.org/fast-deep-equal/-/fast-deep-equal-3.1.3.tgz 0ms (cache hit)
270 http cache fast-levenshtein@https://registry.npmjs.org/fast-levenshtein/-/fast-levenshtein-2.0.6.tgz 0ms (cache hit)
271 http cache file-entry-cache@https://registry.npmjs.org/file-entry-cache/-/file-entry-cache-8.0.0.tgz 0ms (cache hit)
272 http cache fast-json-stable-stringify@https://registry.npmjs.org/fast-json-stable-stringify/-/fast-json-stable-stringify-2.1.0.tgz 0ms (cache hit)
273 http cache esutils@https://registry.npmjs.org/esutils/-/esutils-2.0.3.tgz 0ms (cache hit)
274 http cache estraverse@https://registry.npmjs.org/estraverse/-/estraverse-5.3.0.tgz 0ms (cache hit)
275 http cache esrecurse@https://registry.npmjs.org/esrecurse/-/esrecurse-4.3.0.tgz 0ms (cache hit)
276 http cache espree@https://registry.npmjs.org/espree/-/espree-10.4.0.tgz 0ms (cache hit)
277 http cache esquery@https://registry.npmjs.org/esquery/-/esquery-1.7.0.tgz 0ms (cache hit)
278 http cache eslint-scope@https://registry.npmjs.org/eslint-scope/-/eslint-scope-8.4.0.tgz 0ms (cache hit)
279 http cache eslint-visitor-keys@https://registry.npmjs.org/eslint-visitor-keys/-/eslint-visitor-keys-4.2.1.tgz 0ms (cache hit)
280 http cache eslint@https://registry.npmjs.org/eslint/-/eslint-9.39.0.tgz 0ms (cache hit)
281 http cache eslint-plugin-react-hooks@https://registry.npmjs.org/eslint-plugin-react-hooks/-/eslint-plugin-react-hooks-5.0.0.tgz 0ms (cache hit)
282 http cache deep-is@https://registry.npmjs.org/deep-is/-/deep-is-0.1.4.tgz 0ms (cache hit)
283 http cache detect-libc@https://registry.npmjs.org/detect-libc/-/detect-libc-2.1.2.tgz 0ms (cache hit)
284 http cache cookie@https://registry.npmjs.org/cookie/-/cookie-1.1.1.tgz 0ms (cache hit)
285 http cache escape-string-regexp@https://registry.npmjs.org/escape-string-regexp/-/escape-string-regexp-4.0.0.tgz 0ms (cache hit)
286 http cache cross-spawn@https://registry.npmjs.org/cross-spawn/-/cross-spawn-7.0.6.tgz 0ms (cache hit)
287 http cache brace-expansion@https://registry.npmjs.org/brace-expansion/-/brace-expansion-1.1.18.tgz 0ms (cache hit)
288 http cache concat-map@https://registry.npmjs.org/concat-map/-/concat-map-0.0.1.tgz 0ms (cache hit)
289 http cache chalk@https://registry.npmjs.org/chalk/-/chalk-4.1.2.tgz 0ms (cache hit)
290 http cache balanced-match@https://registry.npmjs.org/balanced-match/-/balanced-match-1.0.2.tgz 0ms (cache hit)
291 http cache argparse@https://registry.npmjs.org/argparse/-/argparse-2.0.1.tgz 0ms (cache hit)
292 http cache ajv@https://registry.npmjs.org/ajv/-/ajv-6.15.0.tgz 0ms (cache hit)
293 http cache callsites@https://registry.npmjs.org/callsites/-/callsites-3.1.0.tgz 0ms (cache hit)
294 http cache acorn-jsx@https://registry.npmjs.org/acorn-jsx/-/acorn-jsx-5.3.2.tgz 0ms (cache hit)
295 http cache acorn@https://registry.npmjs.org/acorn/-/acorn-8.18.0.tgz 0ms (cache hit)
296 silly tarball no local data for @vitejs/plugin-react@https://registry.npmjs.org/@vitejs/plugin-react/-/plugin-react-6.1.1.tgz. Extracting by manifest.
297 silly tarball no local data for @types/json-schema@https://registry.npmjs.org/@types/json-schema/-/json-schema-7.0.15.tgz. Extracting by manifest.
298 http cache scheduler@https://registry.npmjs.org/scheduler/-/scheduler-0.21.0.tgz 0ms (cache hit)
299 silly tarball no local data for @rolldown/pluginutils@https://registry.npmjs.org/@rolldown/pluginutils/-/pluginutils-1.0.1.tgz. Extracting by manifest.
300 silly tarball no local data for @oxc-project/types@https://registry.npmjs.org/@oxc-project/types/-/types-0.147.0.tgz. Extracting by manifest.
301 silly tarball no local data for @react-three/fiber@https://registry.npmjs.org/@react-three/fiber/-/fiber-8.18.0.tgz. Extracting by manifest.
302 http cache globals@https://registry.npmjs.org/globals/-/globals-14.0.0.tgz 0ms (cache hit)
303 silly tarball no local data for @rolldown/binding-win32-x64-msvc@https://registry.npmjs.org/@rolldown/binding-win32-x64-msvc/-/binding-win32-x64-msvc-1.2.6.tgz. Extracting by manifest.
304 http cache eslint-visitor-keys@https://registry.npmjs.org/eslint-visitor-keys/-/eslint-visitor-keys-3.4.3.tgz 0ms (cache hit)
305 silly tarball no local data for @humanwhocodes/module-importer@https://registry.npmjs.org/@humanwhocodes/module-importer/-/module-importer-1.0.1.tgz. Extracting by manifest.
306 silly tarball no local data for @humanfs/node@https://registry.npmjs.org/@humanfs/node/-/node-0.16.8.tgz. Extracting by manifest.
307 silly tarball no local data for @humanwhocodes/retry@https://registry.npmjs.org/@humanwhocodes/retry/-/retry-0.4.3.tgz. Extracting by manifest.
308 silly tarball no local data for @humanfs/types@https://registry.npmjs.org/@humanfs/types/-/types-0.15.0.tgz. Extracting by manifest.
309 silly tarball no local data for @eslint/plugin-kit@https://registry.npmjs.org/@eslint/plugin-kit/-/plugin-kit-0.4.1.tgz. Extracting by manifest.
310 silly tarball no local data for @eslint-community/regexpp@https://registry.npmjs.org/@eslint-community/regexpp/-/regexpp-4.12.2.tgz. Extracting by manifest.
311 silly tarball no local data for @eslint-community/eslint-utils@https://registry.npmjs.org/@eslint-community/eslint-utils/-/eslint-utils-4.10.1.tgz. Extracting by manifest.
312 silly tarball no local data for @eslint/js@https://registry.npmjs.org/@eslint/js/-/js-9.39.0.tgz. Extracting by manifest.
313 silly tarball no local data for @eslint/eslintrc@https://registry.npmjs.org/@eslint/eslintrc/-/eslintrc-3.3.6.tgz. Extracting by manifest.
314 silly tarball no local data for @eslint/object-schema@https://registry.npmjs.org/@eslint/object-schema/-/object-schema-2.1.7.tgz. Extracting by manifest.
315 silly tarball no local data for @humanfs/core@https://registry.npmjs.org/@humanfs/core/-/core-0.19.2.tgz. Extracting by manifest.
316 silly tarball no local data for yocto-queue@https://registry.npmjs.org/yocto-queue/-/yocto-queue-0.1.0.tgz. Extracting by manifest.
317 silly tarball no local data for @eslint/core@https://registry.npmjs.org/@eslint/core/-/core-0.17.0.tgz. Extracting by manifest.
318 silly tarball no local data for word-wrap@https://registry.npmjs.org/word-wrap/-/word-wrap-1.2.5.tgz. Extracting by manifest.
319 silly tarball no local data for @eslint/config-helpers@https://registry.npmjs.org/@eslint/config-helpers/-/config-helpers-0.4.2.tgz. Extracting by manifest.
320 silly tarball no local data for vite@https://registry.npmjs.org/vite/-/vite-8.2.2.tgz. Extracting by manifest.
321 silly tarball no local data for @eslint/config-array@https://registry.npmjs.org/@eslint/config-array/-/config-array-0.21.2.tgz. Extracting by manifest.
322 silly tarball no local data for uri-js@https://registry.npmjs.org/uri-js/-/uri-js-4.4.1.tgz. Extracting by manifest.
323 silly tarball no local data for type-check@https://registry.npmjs.org/type-check/-/type-check-0.4.0.tgz. Extracting by manifest.
324 silly tarball no local data for which@https://registry.npmjs.org/which/-/which-2.0.2.tgz. Extracting by manifest.
325 silly tarball no local data for strip-json-comments@https://registry.npmjs.org/strip-json-comments/-/strip-json-comments-3.1.1.tgz. Extracting by manifest.
326 silly tarball no local data for supports-color@https://registry.npmjs.org/supports-color/-/supports-color-7.2.0.tgz. Extracting by manifest.
327 silly tarball no local data for shebang-regex@https://registry.npmjs.org/shebang-regex/-/shebang-regex-3.0.0.tgz. Extracting by manifest.
328 silly tarball no local data for tinyglobby@https://registry.npmjs.org/tinyglobby/-/tinyglobby-0.2.17.tgz. Extracting by manifest.
329 silly tarball no local data for set-cookie-parser@https://registry.npmjs.org/set-cookie-parser/-/set-cookie-parser-2.7.2.tgz. Extracting by manifest.
330 silly tarball no local data for shebang-command@https://registry.npmjs.org/shebang-command/-/shebang-command-2.0.0.tgz. Extracting by manifest.
331 silly tarball no local data for react-use-measure@https://registry.npmjs.org/react-use-measure/-/react-use-measure-2.1.7.tgz. Extracting by manifest.
332 silly tarball no local data for rolldown@https://registry.npmjs.org/rolldown/-/rolldown-1.2.6.tgz. Extracting by manifest.
333 silly tarball no local data for react-router-dom@https://registry.npmjs.org/react-router-dom/-/react-router-dom-7.18.3.tgz. Extracting by manifest.
334 silly tarball no local data for punycode@https://registry.npmjs.org/punycode/-/punycode-2.3.1.tgz. Extracting by manifest.
335 silly tarball no local data for resolve-from@https://registry.npmjs.org/resolve-from/-/resolve-from-4.0.0.tgz. Extracting by manifest.
336 silly tarball no local data for react-router@https://registry.npmjs.org/react-router/-/react-router-7.18.3.tgz. Extracting by manifest.
337 silly tarball no local data for prelude-ls@https://registry.npmjs.org/prelude-ls/-/prelude-ls-1.2.1.tgz. Extracting by manifest.
338 silly tarball no local data for picomatch@https://registry.npmjs.org/picomatch/-/picomatch-4.0.7.tgz. Extracting by manifest.
339 silly tarball no local data for protobufjs@https://registry.npmjs.org/protobufjs/-/protobufjs-7.6.6.tgz. Extracting by manifest.
340 silly tarball no local data for postcss@https://registry.npmjs.org/postcss/-/postcss-8.5.26.tgz. Extracting by manifest.
341 silly tarball no local data for path-key@https://registry.npmjs.org/path-key/-/path-key-3.1.1.tgz. Extracting by manifest.
342 silly tarball no local data for path-exists@https://registry.npmjs.org/path-exists/-/path-exists-4.0.0.tgz. Extracting by manifest.
343 silly tarball no local data for p-locate@https://registry.npmjs.org/p-locate/-/p-locate-5.0.0.tgz. Extracting by manifest.
344 silly tarball no local data for optionator@https://registry.npmjs.org/optionator/-/optionator-0.9.4.tgz. Extracting by manifest.
345 silly tarball no local data for parent-module@https://registry.npmjs.org/parent-module/-/parent-module-1.0.1.tgz. Extracting by manifest.
346 silly tarball no local data for nanoid@https://registry.npmjs.org/nanoid/-/nanoid-3.3.18.tgz. Extracting by manifest.
347 silly tarball no local data for p-limit@https://registry.npmjs.org/p-limit/-/p-limit-3.1.0.tgz. Extracting by manifest.
348 silly tarball no local data for lodash.merge@https://registry.npmjs.org/lodash.merge/-/lodash.merge-4.6.2.tgz. Extracting by manifest.
349 silly tarball no local data for natural-compare@https://registry.npmjs.org/natural-compare/-/natural-compare-1.4.0.tgz. Extracting by manifest.
350 silly tarball no local data for minimatch@https://registry.npmjs.org/minimatch/-/minimatch-3.1.5.tgz. Extracting by manifest.
351 silly tarball no local data for locate-path@https://registry.npmjs.org/locate-path/-/locate-path-6.0.0.tgz. Extracting by manifest.
352 silly tarball no local data for levn@https://registry.npmjs.org/levn/-/levn-0.4.1.tgz. Extracting by manifest.
353 silly tarball no local data for lightningcss@https://registry.npmjs.org/lightningcss/-/lightningcss-1.33.0.tgz. Extracting by manifest.
354 silly tarball no local data for keyv@https://registry.npmjs.org/keyv/-/keyv-4.5.4.tgz. Extracting by manifest.
355 silly tarball no local data for lightningcss-win32-x64-msvc@https://registry.npmjs.org/lightningcss-win32-x64-msvc/-/lightningcss-win32-x64-msvc-1.33.0.tgz. Extracting by manifest.
356 silly tarball no local data for json-stable-stringify-without-jsonify@https://registry.npmjs.org/json-stable-stringify-without-jsonify/-/json-stable-stringify-without-jsonify-1.0.1.tgz. Extracting by manifest.
357 silly tarball no local data for js-yaml@https://registry.npmjs.org/js-yaml/-/js-yaml-4.3.1.tgz. Extracting by manifest.
358 silly tarball no local data for json-buffer@https://registry.npmjs.org/json-buffer/-/json-buffer-3.0.1.tgz. Extracting by manifest.
359 silly tarball no local data for isexe@https://registry.npmjs.org/isexe/-/isexe-2.0.0.tgz. Extracting by manifest.
360 silly tarball no local data for json-schema-traverse@https://registry.npmjs.org/json-schema-traverse/-/json-schema-traverse-0.4.1.tgz. Extracting by manifest.
361 silly tarball no local data for is-glob@https://registry.npmjs.org/is-glob/-/is-glob-4.0.3.tgz. Extracting by manifest.
362 silly tarball no local data for is-extglob@https://registry.npmjs.org/is-extglob/-/is-extglob-2.1.1.tgz. Extracting by manifest.
363 silly tarball no local data for ignore@https://registry.npmjs.org/ignore/-/ignore-5.3.2.tgz. Extracting by manifest.
364 silly tarball no local data for imurmurhash@https://registry.npmjs.org/imurmurhash/-/imurmurhash-0.1.4.tgz. Extracting by manifest.
365 silly tarball no local data for globals@https://registry.npmjs.org/globals/-/globals-15.0.0.tgz. Extracting by manifest.
366 silly tarball no local data for has-flag@https://registry.npmjs.org/has-flag/-/has-flag-4.0.0.tgz. Extracting by manifest.
367 silly tarball no local data for glob-parent@https://registry.npmjs.org/glob-parent/-/glob-parent-6.0.2.tgz. Extracting by manifest.
368 silly tarball no local data for flatted@https://registry.npmjs.org/flatted/-/flatted-3.4.4.tgz. Extracting by manifest.
369 silly tarball no local data for import-fresh@https://registry.npmjs.org/import-fresh/-/import-fresh-3.3.1.tgz. Extracting by manifest.
370 silly tarball no local data for find-up@https://registry.npmjs.org/find-up/-/find-up-5.0.0.tgz. Extracting by manifest.
371 silly tarball no local data for fdir@https://registry.npmjs.org/fdir/-/fdir-6.5.0.tgz. Extracting by manifest.
372 silly tarball no local data for flat-cache@https://registry.npmjs.org/flat-cache/-/flat-cache-4.0.1.tgz. Extracting by manifest.
373 silly tarball no local data for fast-deep-equal@https://registry.npmjs.org/fast-deep-equal/-/fast-deep-equal-3.1.3.tgz. Extracting by manifest.
374 silly tarball no local data for fast-levenshtein@https://registry.npmjs.org/fast-levenshtein/-/fast-levenshtein-2.0.6.tgz. Extracting by manifest.
375 silly tarball no local data for file-entry-cache@https://registry.npmjs.org/file-entry-cache/-/file-entry-cache-8.0.0.tgz. Extracting by manifest.
376 silly tarball no local data for fast-json-stable-stringify@https://registry.npmjs.org/fast-json-stable-stringify/-/fast-json-stable-stringify-2.1.0.tgz. Extracting by manifest.
377 silly tarball no local data for esutils@https://registry.npmjs.org/esutils/-/esutils-2.0.3.tgz. Extracting by manifest.
378 silly tarball no local data for estraverse@https://registry.npmjs.org/estraverse/-/estraverse-5.3.0.tgz. Extracting by manifest.
379 silly tarball no local data for esrecurse@https://registry.npmjs.org/esrecurse/-/esrecurse-4.3.0.tgz. Extracting by manifest.
380 silly tarball no local data for espree@https://registry.npmjs.org/espree/-/espree-10.4.0.tgz. Extracting by manifest.
381 silly tarball no local data for esquery@https://registry.npmjs.org/esquery/-/esquery-1.7.0.tgz. Extracting by manifest.
382 silly tarball no local data for eslint-scope@https://registry.npmjs.org/eslint-scope/-/eslint-scope-8.4.0.tgz. Extracting by manifest.
383 silly tarball no local data for eslint-visitor-keys@https://registry.npmjs.org/eslint-visitor-keys/-/eslint-visitor-keys-4.2.1.tgz. Extracting by manifest.
384 silly tarball no local data for eslint@https://registry.npmjs.org/eslint/-/eslint-9.39.0.tgz. Extracting by manifest.
385 silly tarball no local data for eslint-plugin-react-hooks@https://registry.npmjs.org/eslint-plugin-react-hooks/-/eslint-plugin-react-hooks-5.0.0.tgz. Extracting by manifest.
386 silly tarball no local data for deep-is@https://registry.npmjs.org/deep-is/-/deep-is-0.1.4.tgz. Extracting by manifest.
387 silly tarball no local data for detect-libc@https://registry.npmjs.org/detect-libc/-/detect-libc-2.1.2.tgz. Extracting by manifest.
388 silly tarball no local data for cookie@https://registry.npmjs.org/cookie/-/cookie-1.1.1.tgz. Extracting by manifest.
389 silly tarball no local data for escape-string-regexp@https://registry.npmjs.org/escape-string-regexp/-/escape-string-regexp-4.0.0.tgz. Extracting by manifest.
390 silly tarball no local data for cross-spawn@https://registry.npmjs.org/cross-spawn/-/cross-spawn-7.0.6.tgz. Extracting by manifest.
391 silly tarball no local data for brace-expansion@https://registry.npmjs.org/brace-expansion/-/brace-expansion-1.1.18.tgz. Extracting by manifest.
392 silly tarball no local data for concat-map@https://registry.npmjs.org/concat-map/-/concat-map-0.0.1.tgz. Extracting by manifest.
393 silly tarball no local data for chalk@https://registry.npmjs.org/chalk/-/chalk-4.1.2.tgz. Extracting by manifest.
394 silly tarball no local data for balanced-match@https://registry.npmjs.org/balanced-match/-/balanced-match-1.0.2.tgz. Extracting by manifest.
395 silly tarball no local data for argparse@https://registry.npmjs.org/argparse/-/argparse-2.0.1.tgz. Extracting by manifest.
396 silly tarball no local data for ajv@https://registry.npmjs.org/ajv/-/ajv-6.15.0.tgz. Extracting by manifest.
397 silly tarball no local data for callsites@https://registry.npmjs.org/callsites/-/callsites-3.1.0.tgz. Extracting by manifest.
398 silly tarball no local data for acorn-jsx@https://registry.npmjs.org/acorn-jsx/-/acorn-jsx-5.3.2.tgz. Extracting by manifest.
399 silly tarball no local data for acorn@https://registry.npmjs.org/acorn/-/acorn-8.18.0.tgz. Extracting by manifest.
400 silly tarball no local data for scheduler@https://registry.npmjs.org/scheduler/-/scheduler-0.21.0.tgz. Extracting by manifest.
401 silly tarball no local data for globals@https://registry.npmjs.org/globals/-/globals-14.0.0.tgz. Extracting by manifest.
402 silly tarball no local data for eslint-visitor-keys@https://registry.npmjs.org/eslint-visitor-keys/-/eslint-visitor-keys-3.4.3.tgz. Extracting by manifest.
403 verbose audit error FetchError: request to https://registry.npmjs.org/-/npm/v1/security/audits/quick failed, reason: 
403 verbose audit error     at ClientRequest.<anonymous> (C:\Program Files\nodejs\node_modules\npm\node_modules\minipass-fetch\lib\index.js:130:14)
403 verbose audit error     at ClientRequest.emit (node:events:519:28)
403 verbose audit error     at emitErrorEvent (node:_http_client:108:11)
403 verbose audit error     at _destroy (node:_http_client:963:9)
403 verbose audit error     at onSocketNT (node:_http_client:983:5)
403 verbose audit error     at process.processTicksAndRejections (node:internal/process/task_queues:90:21) {
403 verbose audit error   code: 'EACCES',
403 verbose audit error   errno: 'EACCES',
403 verbose audit error   type: 'system'
403 verbose audit error }
404 silly audit error undefined
405 silly audit report null
406 http fetch GET https://registry.npmjs.org/@vitejs/plugin-react/-/plugin-react-6.1.1.tgz attempt 1 failed with EACCES
407 http fetch GET https://registry.npmjs.org/@types/json-schema/-/json-schema-7.0.15.tgz attempt 1 failed with EACCES
408 http fetch GET https://registry.npmjs.org/@rolldown/pluginutils/-/pluginutils-1.0.1.tgz attempt 1 failed with EACCES
409 http fetch GET https://registry.npmjs.org/@oxc-project/types/-/types-0.147.0.tgz attempt 1 failed with EACCES
410 http fetch GET https://registry.npmjs.org/@react-three/fiber/-/fiber-8.18.0.tgz attempt 1 failed with EACCES
411 http fetch GET https://registry.npmjs.org/@rolldown/binding-win32-x64-msvc/-/binding-win32-x64-msvc-1.2.6.tgz attempt 1 failed with EACCES
412 http fetch GET https://registry.npmjs.org/@humanwhocodes/module-importer/-/module-importer-1.0.1.tgz attempt 1 failed with EACCES
413 http fetch GET https://registry.npmjs.org/@humanfs/node/-/node-0.16.8.tgz attempt 1 failed with EACCES
414 http fetch GET https://registry.npmjs.org/@humanwhocodes/retry/-/retry-0.4.3.tgz attempt 1 failed with EACCES
415 http fetch GET https://registry.npmjs.org/@humanfs/types/-/types-0.15.0.tgz attempt 1 failed with EACCES
416 http fetch GET https://registry.npmjs.org/@eslint/plugin-kit/-/plugin-kit-0.4.1.tgz attempt 1 failed with EACCES
417 http fetch GET https://registry.npmjs.org/@eslint-community/regexpp/-/regexpp-4.12.2.tgz attempt 1 failed with EACCES
418 http fetch GET https://registry.npmjs.org/@eslint-community/eslint-utils/-/eslint-utils-4.10.1.tgz attempt 1 failed with EACCES
419 http fetch GET https://registry.npmjs.org/@eslint/js/-/js-9.39.0.tgz attempt 1 failed with EACCES
420 http fetch GET https://registry.npmjs.org/npm attempt 2 failed with EACCES
421 http fetch GET https://registry.npmjs.org/@vitejs/plugin-react/-/plugin-react-6.1.1.tgz attempt 2 failed with EACCES
422 http fetch GET https://registry.npmjs.org/@types/json-schema/-/json-schema-7.0.15.tgz attempt 2 failed with EACCES
423 http fetch GET https://registry.npmjs.org/@rolldown/pluginutils/-/pluginutils-1.0.1.tgz attempt 2 failed with EACCES
424 http fetch GET https://registry.npmjs.org/@oxc-project/types/-/types-0.147.0.tgz attempt 2 failed with EACCES
425 http fetch GET https://registry.npmjs.org/@react-three/fiber/-/fiber-8.18.0.tgz attempt 2 failed with EACCES
426 http fetch GET https://registry.npmjs.org/@rolldown/binding-win32-x64-msvc/-/binding-win32-x64-msvc-1.2.6.tgz attempt 2 failed with EACCES
427 http fetch GET https://registry.npmjs.org/@humanwhocodes/module-importer/-/module-importer-1.0.1.tgz attempt 2 failed with EACCES
428 http fetch GET https://registry.npmjs.org/@humanfs/node/-/node-0.16.8.tgz attempt 2 failed with EACCES
429 http fetch GET https://registry.npmjs.org/@humanwhocodes/retry/-/retry-0.4.3.tgz attempt 2 failed with EACCES
430 http fetch GET https://registry.npmjs.org/@humanfs/types/-/types-0.15.0.tgz attempt 2 failed with EACCES
431 http fetch GET https://registry.npmjs.org/@eslint/plugin-kit/-/plugin-kit-0.4.1.tgz attempt 2 failed with EACCES
432 http fetch GET https://registry.npmjs.org/@eslint-community/regexpp/-/regexpp-4.12.2.tgz attempt 2 failed with EACCES
433 http fetch GET https://registry.npmjs.org/@eslint-community/eslint-utils/-/eslint-utils-4.10.1.tgz attempt 2 failed with EACCES
434 http fetch GET https://registry.npmjs.org/@eslint/js/-/js-9.39.0.tgz attempt 2 failed with EACCES
435 http fetch GET https://registry.npmjs.org/npm attempt 3 failed with EACCES
436 http fetch GET https://registry.npmjs.org/@vitejs/plugin-react/-/plugin-react-6.1.1.tgz attempt 3 failed with EACCES
437 http fetch GET https://registry.npmjs.org/@types/json-schema/-/json-schema-7.0.15.tgz attempt 3 failed with EACCES
438 http fetch GET https://registry.npmjs.org/@rolldown/pluginutils/-/pluginutils-1.0.1.tgz attempt 3 failed with EACCES
439 http fetch GET https://registry.npmjs.org/@oxc-project/types/-/types-0.147.0.tgz attempt 3 failed with EACCES
440 http fetch GET https://registry.npmjs.org/@react-three/fiber/-/fiber-8.18.0.tgz attempt 3 failed with EACCES
441 http fetch GET https://registry.npmjs.org/@rolldown/binding-win32-x64-msvc/-/binding-win32-x64-msvc-1.2.6.tgz attempt 3 failed with EACCES
442 verbose reify failed optional dependency D:\CodeProject\NCKH\frontend\node_modules\@rolldown\binding-win32-x64-msvc
443 silly reify mark deleted [
443 silly reify   'D:\\CodeProject\\NCKH\\frontend\\node_modules\\@rolldown\\binding-win32-x64-msvc'
443 silly reify ]
444 http fetch GET https://registry.npmjs.org/@humanwhocodes/module-importer/-/module-importer-1.0.1.tgz attempt 3 failed with EACCES
445 http fetch GET https://registry.npmjs.org/@humanfs/node/-/node-0.16.8.tgz attempt 3 failed with EACCES
446 http fetch GET https://registry.npmjs.org/@humanwhocodes/retry/-/retry-0.4.3.tgz attempt 3 failed with EACCES
447 http fetch GET https://registry.npmjs.org/@humanfs/types/-/types-0.15.0.tgz attempt 3 failed with EACCES
448 http fetch GET https://registry.npmjs.org/@eslint/plugin-kit/-/plugin-kit-0.4.1.tgz attempt 3 failed with EACCES
449 http fetch GET https://registry.npmjs.org/@eslint-community/regexpp/-/regexpp-4.12.2.tgz attempt 3 failed with EACCES
450 http fetch GET https://registry.npmjs.org/@eslint-community/eslint-utils/-/eslint-utils-4.10.1.tgz attempt 3 failed with EACCES
451 http fetch GET https://registry.npmjs.org/@eslint/js/-/js-9.39.0.tgz attempt 3 failed with EACCES
452 verbose cwd D:\CodeProject\NCKH\frontend
453 verbose os Windows_NT 10.0.26200
454 verbose node v22.22.2
455 verbose npm  v10.9.7
456 error Exit handler never called!
457 error This is an error with npm itself. Please report this error at:
458 error   <https://github.com/npm/cli/issues>
459 verbose exit 1
460 verbose code 1
461 error A complete log of this run can be found in: D:\CodeProject\NCKH\frontend\.npm-cache\_logs\2026-09-07T07_41_39_266Z-debug-0.log
